#
# A fatal error has been detected by the Java Runtime Environment:
#
#  EXCEPTION_ACCESS_VIOLATION (0xc0000005) at pc=0x00007fff33b0e952, pid=20084, tid=31032
#
# JRE version: Java(TM) SE Runtime Environment (23.0.2+7) (build 23.0.2+7-58)
# Java VM: Java HotSpot(TM) 64-Bit Server VM (23.0.2+7-58, mixed mode, sharing, tiered, compressed oops, compressed class ptrs, g1 gc, windows-amd64)
# Problematic frame:
# V  [jvm.dll+0x43e952]
#
# No core dump will be written. Minidumps are not enabled by default on client versions of Windows
#
# If you would like to submit a bug report, please visit:
#   https://bugreport.java.com/bugreport/crash.jsp
#

---------------  S U M M A R Y ------------

Command Line: ClientGalaxyTrucker.jar

Host: AMD Ryzen 5 5500U with Radeon Graphics         , 12 cores, 15G,  Windows 11 , 64 bit Build 26100 (10.0.26100.3323)
Time: Sun Jun 22 20:12:13 2025 ora legale Europa occidentale elapsed time: 4727.649833 seconds (0d 1h 18m 47s)

---------------  T H R E A D  ---------------

Current thread (0x000002c6c5a426e0):  JavaThread "JavaFX Application Thread"        [_thread_in_vm, id=31032, stack(0x000000d96ad00000,0x000000d96ae00000) (1024K)]

Stack: [0x000000d96ad00000,0x000000d96ae00000],  sp=0x000000d96adfe960,  free space=1018k
Native frames: (J=compiled Java code, j=interpreted, Vv=VM code, C=native code)
V  [jvm.dll+0x43e952]  (no source info available)
C  [glass.dll+0x273c]  (no source info available)
C  [glass.dll+0x15766]  (no source info available)
C  [glass.dll+0x2311b]  (no source info available)
C  [glass.dll+0x1c4a2]  (no source info available)
C  [glass.dll+0x177f]  (no source info available)
C  [USER32.dll+0xb643]  (no source info available)
C  [USER32.dll+0x91cd]  (no source info available)
C  [glass.dll+0xa95d]  (no source info available)
C  0x000002c6e95ed207  (no source info available)

The last pc belongs to native method entry point (kind = native) (printed below).
Java frames: (J=compiled Java code, j=interpreted, Vv=VM code)
j  com.sun.glass.ui.win.WinApplication._runLoop(Ljava/lang/Runnable;)V+0
j  com.sun.glass.ui.win.WinApplication.lambda$runLoop$0(ILjava/lang/Runnable;)V+8
j  com.sun.glass.ui.win.WinApplication$$Lambda+0x000002c68102b850.run()V+12
j  java.lang.Thread.runWith(Ljava/lang/Object;Ljava/lang/Runnable;)V+5 java.base@23.0.2
j  java.lang.Thread.run()V+19 java.base@23.0.2
v  ~StubRoutines::call_stub 0x000002c6e95e0fcd

siginfo: EXCEPTION_ACCESS_VIOLATION (0xc0000005), reading address 0x0000000000000000


Registers:
RAX=0x0000000000000000, RBX=0x000002c6c5a426e0, RCX=0x000002c6c5a42aa0, RDX=0x0000000000000000
RSP=0x000000d96adfe960, RBP=0x000000d96adfea68, RSI=0x0000000000000000, RDI=0x0000000000000000
R8 =0x0000000000000000, R9 =0x000000d96adfea68, R10=0x000002c6c59439c0, R11=0x000000d96adfe9a0
R12=0x0000000000000001, R13=0x000002c6c5a42aa0, R14=0x000002c6c5a42aa0, R15=0x00000000000000d4
RIP=0x00007fff33b0e952, EFLAGS=0x0000000000010246


Register to memory mapping:

RAX=0x0 is null
RBX=0x000002c6c5a426e0 is a thread
RCX=0x000002c6c5a42aa0 points into unknown readable memory: 0x00007fff342b6e10 | 10 6e 2b 34 ff 7f 00 00
RDX=0x0 is null
RSP=0x000000d96adfe960 is pointing into the stack for thread: 0x000002c6c5a426e0
RBP=0x000000d96adfea68 is pointing into the stack for thread: 0x000002c6c5a426e0
RSI=0x0 is null
RDI=0x0 is null
R8 =0x0 is null
R9 =0x000000d96adfea68 is pointing into the stack for thread: 0x000002c6c5a426e0
R10=0x000002c6c59439c0 points into unknown readable memory: 0x0000004000000003 | 03 00 00 00 40 00 00 00
R11=0x000000d96adfe9a0 is pointing into the stack for thread: 0x000002c6c5a426e0
R12=0x0000000000000001 is an unknown value
R13=0x000002c6c5a42aa0 points into unknown readable memory: 0x00007fff342b6e10 | 10 6e 2b 34 ff 7f 00 00
R14=0x000002c6c5a42aa0 points into unknown readable memory: 0x00007fff342b6e10 | 10 6e 2b 34 ff 7f 00 00
R15=0x00000000000000d4 is an unknown value

Top of Stack: (sp=0x000000d96adfe960)
0x000000d96adfe960:   0000000000000000 0000000000000000
0x000000d96adfe970:   00007fff340e5630 000002c6804a67f8
0x000000d96adfe980:   000002c6c5a4260e 000000000000019d
0x000000d96adfe990:   000000d96adfe840 0000000000000000
0x000000d96adfe9a0:   0000000000000000 00007fff33b1bd9e
0x000000d96adfe9b0:   000002c6c5a426e0 0000000000000000
0x000000d96adfe9c0:   000002c6c57cbb68 000002c6c57cbb60
0x000000d96adfe9d0:   000002c6c57cbb60 00007fff77461dbf
0x000000d96adfe9e0:   0000000000000000 00007fff774524fb
0x000000d96adfe9f0:   000002c6c5a42aa0 0000000000000000
0x000000d96adfea00:   000002c6c53924f4 0000000000000001
0x000000d96adfea10:   0000000000000000 00007fff7744273c
0x000000d96adfea20:   000002c6c5a42aa0 000000d96adfebb0
0x000000d96adfea30:   0000000000000000 000002c6f8efb982
0x000000d96adfea40:   0000000000000000 00007fff77455766
0x000000d96adfea50:   000002c6c5a42aa0 0000000000000000
0x000000d96adfea60:   0000000000000000 0000000000000004
0x000000d96adfea70:   000002c6c5a42aa0 0000000000000000
0x000000d96adfea80:   000002c6c519ac40 00000000000000dd
0x000000d96adfea90:   00000000008b0052 0000000000000000
0x000000d96adfeaa0:   00000000000000dd 00007fff7746311b
0x000000d96adfeab0:   00000000000000d4 000000d96adfebb0
0x000000d96adfeac0:   000002c6c519ac40 0000000000000000
0x000000d96adfead0:   000002c6c519ac10 00007fff7745c65f
0x000000d96adfeae0:   000002c6c519ac10 00007fffa54328ef
0x000000d96adfeaf0:   000002c6c519ac10 00007fff33b24dd1
0x000000d96adfeb00:   0000000000000000 0000000000000000
0x000000d96adfeb10:   0000000000000000 0000000000000000
0x000000d96adfeb20:   0000000000000000 0000000000000000
0x000000d96adfeb30:   0000000000000020 0000023100000336
0x000000d96adfeb40:   0000000000000201 0000025e000003bb
0x000000d96adfeb50:   0000000000000000 0000000000000000 

Instructions: (pc=0x00007fff33b0e952)
0x00007fff33b0e852:   89 4a 18 48 8b 4f 20 48 8b 57 08 48 89 4a 20 48
0x00007fff33b0e862:   8d 8b a0 03 00 00 e8 e3 6e ed ff 4c 8d 9c 24 a0
0x00007fff33b0e872:   00 00 00 90 49 8b 6b 28 0f b7 c6 49 8b 73 30 c7
0x00007fff33b0e882:   83 44 04 00 00 04 00 00 00 49 8b 5b 20 49 8b e3
0x00007fff33b0e892:   41 5e 41 5c 5f c3 cc cc cc cc cc cc cc cc 48 89
0x00007fff33b0e8a2:   5c 24 08 48 89 6c 24 10 48 89 74 24 18 57 41 54
0x00007fff33b0e8b2:   41 56 48 81 ec a0 00 00 00 8b 81 a8 00 00 00 48
0x00007fff33b0e8c2:   8d 99 40 fc ff ff 05 53 21 ff ff 49 8b e9 49 8b
0x00007fff33b0e8d2:   f0 48 8b fa 4c 8b f1 83 f8 01 77 08 48 8b cb e8
0x00007fff33b0e8e2:   9a c0 fa ff 80 3d a7 d3 80 00 00 c7 83 44 04 00
0x00007fff33b0e8f2:   00 06 00 00 00 75 06 e8 e2 1c 29 00 90 48 8b 83
0x00007fff33b0e902:   48 04 00 00 a8 01 74 0d 45 33 c0 b2 01 48 8b cb
0x00007fff33b0e912:   e8 a9 49 30 00 8b 83 40 04 00 00 a8 0c 74 08 48
0x00007fff33b0e922:   8b cb e8 37 d7 fa ff c7 83 44 04 00 00 06 00 00
0x00007fff33b0e932:   00 48 83 7b 08 00 48 89 5c 24 50 48 c7 44 24 58
0x00007fff33b0e942:   00 00 00 00 74 0a 48 8d 4c 24 50 e8 ee f1 2c 00
0x00007fff33b0e952:   48 8b 16 48 8d 4c 24 70 c6 44 24 40 0c e8 8c 63
0x00007fff33b0e962:   01 00 48 8b c7 48 89 ac 24 98 00 00 00 83 e0 03
0x00007fff33b0e972:   4c 8d 25 b7 6c 5d 00 4c 89 64 24 70 48 83 f8 01
0x00007fff33b0e982:   75 0c 48 8d 4f ff ff 15 12 5a 7a 00 eb 15 48 83
0x00007fff33b0e992:   f8 02 75 0c 48 8d 4f fe ff 15 80 c6 79 00 eb 03
0x00007fff33b0e9a2:   48 8b 07 8b 15 45 e3 80 00 48 8b c8 e8 ed c1 28
0x00007fff33b0e9b2:   00 48 8b d3 48 8b c8 4c 8b 00 41 ff 90 b0 00 00
0x00007fff33b0e9c2:   00 48 83 7b 08 00 75 35 48 8d 44 24 70 48 89 5c
0x00007fff33b0e9d2:   24 30 48 89 44 24 28 48 8d 54 24 40 45 33 c9 48
0x00007fff33b0e9e2:   89 74 24 20 45 33 c0 49 8b ce e8 cf 74 01 00 48
0x00007fff33b0e9f2:   83 7b 08 00 75 07 48 8b 74 24 48 eb 02 33 f6 48
0x00007fff33b0ea02:   83 7c 24 58 00 4c 89 64 24 70 48 c7 84 24 98 00
0x00007fff33b0ea12:   00 00 00 00 00 00 74 0a 48 8d 4c 24 50 e8 9c f1
0x00007fff33b0ea22:   2c 00 48 8b bb 98 01 00 00 48 8b 47 10 48 83 38
0x00007fff33b0ea32:   00 74 08 48 8b cf e8 d3 4b f6 ff 48 8b 57 08 48
0x00007fff33b0ea42:   8b 4f 10 48 89 4a 10 48 8b 57 08 48 8b 4f 18 48 


Stack slot to memory mapping:

stack at sp + 0 slots: 0x0 is null
stack at sp + 1 slots: 0x0 is null
stack at sp + 2 slots: 0x00007fff340e5630 jvm.dll
stack at sp + 3 slots: 0x000002c6804a67f8 is pointing into metadata
stack at sp + 4 slots: 0x000002c6c5a4260e points into unknown readable memory: 9d 00
stack at sp + 5 slots: 0x000000000000019d is an unknown value
stack at sp + 6 slots: 0x000000d96adfe840 is pointing into the stack for thread: 0x000002c6c5a426e0
stack at sp + 7 slots: 0x0 is null

Lock stack of current Java thread (top to bottom):

native method entry point (kind = native)  [0x000002c6e95ecde0, 0x000002c6e95ed938]  2904 bytes
[MachCode]
  0x000002c6e95ecde0: 488b 4b08 | 0fb7 492e | 584c 8d74 | ccf8 6800 | 0000 0068 | 0000 0000 | 5055 488b | ec41 5568 
  0x000002c6e95ece00: 0000 0000 | 4c8b 6b08 | 4d8d 6d38 | 5348 8b53 | 0848 8b52 | 0848 8b52 | 1848 8b52 | 7048 8b12 
  0x000002c6e95ece20: 5248 8b53 | 1048 85d2 | 0f84 0700 | 0000 4881 | c210 0100 | 0052 488b | 5308 488b | 5208 488b 
  0x000002c6e95ece40: 5210 5249 | 8bc6 482b | c548 c1e8 | 0350 6800 | 0000 0068 | f7ff ffff | 41c6 8771 | 0400 0001 
  0x000002c6e95ece60: 488b 4310 | 4885 c074 | 208b 88cc | 0000 0083 | c102 8988 | cc00 0000 | 2388 e000 | 0000 0f84 
  0x000002c6e95ece80: 000a 0000 | e9cf 0000 | 0048 8b43 | 1848 85c0 | 0f85 b000 | 0000 e805 | 0000 00e9 | 9900 0000 
  0x000002c6e95ecea0: 488b d348 | 8d44 2408 | 4c89 6dc0 | 498b cfc5 | f877 4989 | afb0 0300 | 0049 8987 | a003 0000 
  0x000002c6e95ecec0: 4883 ec20 | 40f6 c40f | 0f84 1900 | 0000 4883 | ec08 48b8 | 8028 aa33 | ff7f 0000 | ffd0 4883 
  0x000002c6e95ecee0: c408 e90c | 0000 0048 | b880 28aa | 33ff 7f00 | 00ff d048 | 83c4 2049 | c787 a003 | 0000 0000 
  0x000002c6e95ecf00: 0000 49c7 | 87b0 0300 | 0000 0000 | 0049 c787 | a803 0000 | 0000 0000 | c5f8 7749 | 837f 0800 
  0x000002c6e95ecf20: 0f84 0500 | 0000 e995 | 3fff ff4c | 8b6d c04c | 8b75 c84e | 8d74 f500 | c348 8b43 | 1848 85c0 
  0x000002c6e95ecf40: 0f84 1200 | 0000 8b48 | 0883 c102 | 8948 0823 | 481c 0f84 | 2c09 0000 | 493b a7e8 | 0400 000f 
  0x000002c6e95ecf60: 8748 0000 | 0089 8424 | 00f0 ffff | 8984 2400 | e0ff ff89 | 8424 00d0 | ffff 8984 | 2400 c0ff 
  0x000002c6e95ecf80: ff89 8424 | 00b0 ffff | 8984 2400 | a0ff ff89 | 8424 0090 | ffff 8984 | 2400 80ff | ff49 3ba7 
  0x000002c6e95ecfa0: e004 0000 | 7607 4989 | a7e8 0400 | 0041 c687 | 7104 0000 | 0049 ba41 | bd31 34ff | 7f00 0041 
  0x000002c6e95ecfc0: 803a 000f | 843e 0000 | 0048 8b55 | e849 8bcf | 4883 ec20 | 40f6 c40f | 0f84 1900 | 0000 4883 
  0x000002c6e95ecfe0: ec08 48b8 | f0f0 e133 | ff7f 0000 | ffd0 4883 | c408 e90c | 0000 0048 | b8f0 f0e1 | 33ff 7f00 
  0x000002c6e95ed000: 00ff d048 | 83c4 2048 | 8b5d e84c | 8b5b 0845 | 0fb7 5b2e | 41c1 e303 | 492b e348 | 83ec 2048 
  0x000002c6e95ed020: 83e4 f04c | 8b5b 604d | 85db 0f85 | ab00 0000 | e805 0000 | 00e9 9900 | 0000 488b | d348 8d44 
  0x000002c6e95ed040: 2408 4c89 | 6dc0 498b | cfc5 f877 | 4989 afb0 | 0300 0049 | 8987 a003 | 0000 4883 | ec20 40f6 
  0x000002c6e95ed060: c40f 0f84 | 1900 0000 | 4883 ec08 | 48b8 e04f | aa33 ff7f | 0000 ffd0 | 4883 c408 | e90c 0000 
  0x000002c6e95ed080: 0048 b8e0 | 4faa 33ff | 7f00 00ff | d048 83c4 | 2049 c787 | a003 0000 | 0000 0000 | 49c7 87b0 
  0x000002c6e95ed0a0: 0300 0000 | 0000 0049 | c787 a803 | 0000 0000 | 0000 c5f8 | 7749 837f | 0800 0f84 | 0500 0000 
  0x000002c6e95ed0c0: e9fb 3dff | ff4c 8b6d | c04c 8b75 | c84e 8d74 | f500 c348 | 8b5d e84c | 8b5b 6041 | ffd3 488b 
  0x000002c6e95ed0e0: 5de8 4889 | 4518 448b | 5b28 41f6 | c308 0f84 | 1b00 0000 | 4c8b 5b08 | 4d8b 5b08 | 4d8b 5b18 
  0x000002c6e95ed100: 4d8b 5b70 | 4d8b 1b4c | 895d 1048 | 8d55 1048 | 8b43 5849 | ba40 3fe2 | 33ff 7f00 | 0049 3bc2 
  0x000002c6e95ed120: 0f85 ab00 | 0000 e805 | 0000 00e9 | 9900 0000 | 488b d348 | 8d44 2408 | 4c89 6dc0 | 498b cfc5 
  0x000002c6e95ed140: f877 4989 | afb0 0300 | 0049 8987 | a003 0000 | 4883 ec20 | 40f6 c40f | 0f84 1900 | 0000 4883 
  0x000002c6e95ed160: ec08 48b8 | e04f aa33 | ff7f 0000 | ffd0 4883 | c408 e90c | 0000 0048 | b8e0 4faa | 33ff 7f00 
  0x000002c6e95ed180: 00ff d048 | 83c4 2049 | c787 a003 | 0000 0000 | 0000 49c7 | 87b0 0300 | 0000 0000 | 0049 c787 
  0x000002c6e95ed1a0: a803 0000 | 0000 0000 | c5f8 7749 | 837f 0800 | 0f84 0500 | 0000 e905 | 3dff ff4c | 8b6d c04c 
  0x000002c6e95ed1c0: 8b75 c84e | 8d74 f500 | c348 8b5d | e848 8b43 | 5849 8d8f | c003 0000 | c5f8 7749 | 89af b003 
  0x000002c6e95ed1e0: 0000 49ba | d8d1 5ee9 | c602 0000 | 4d89 97a8 | 0300 0049 | 89a7 a003 | 0000 41c7 | 8744 0400 
  0x000002c6e95ed200: 0004 0000 | 00ff d0c5 | f877 4883 | ec10 c5fb | 1104 2448 | 83ec 1048 | 8904 2448 | c744 2408 
  0x000002c6e95ed220: 0000 0000 | 41c7 8744 | 0400 0005 | 0000 00f0 | 8344 24c0 | 0049 3baf | 4804 0000 | 0f87 0e00 
  0x000002c6e95ed240: 0000 4183 | bf40 0400 | 0000 0f84 | 2000 0000 | 498b cf4c | 8be4 4883 | ec20 4883 | e4f0 48b8 
  0x000002c6e95ed260: 80ab ab33 | ff7f 0000 | ffd0 498b | e44d 33e4 | 41c7 8744 | 0400 0008 | 0000 0049 | c787 a003 
  0x000002c6e95ed280: 0000 0000 | 0000 49c7 | 87b0 0300 | 0000 0000 | 0049 c787 | a803 0000 | 0000 0000 | c5f8 774d 
  0x000002c6e95ed2a0: 8b9f 3004 | 0000 41c7 | 8300 0100 | 0000 0000 | 0049 bbda | a55e e9c6 | 0200 004c | 3b5d 180f 
  0x000002c6e95ed2c0: 8524 0200 | 0048 8b04 | 2448 83c4 | 1048 85c0 | 0f84 fe01 | 0000 a803 | 0f85 0800 | 0000 488b 
  0x000002c6e95ed2e0: 00e9 ee01 | 0000 a801 | 0f85 0900 | 0000 488b | 40fe e9dd | 0100 0048 | 8b40 ff41 | 807f 3800 
  0x000002c6e95ed300: 0f84 ce01 | 0000 4883 | f800 0f84 | c401 0000 | 4d8b 5f28 | 4983 fb00 | 0f84 1400 | 0000 4983 
  0x000002c6e95ed320: eb08 4d89 | 5f28 4d03 | 5f30 4989 | 03e9 a201 | 0000 4881 | ecd0 0000 | 0048 8904 | 2448 894c 
  0x000002c6e95ed340: 2408 4889 | 5424 1048 | 8974 2418 | 4889 7c24 | 204c 8944 | 2428 4c89 | 4c24 304c | 8954 2438 
  0x000002c6e95ed360: 4c89 5c24 | 40c5 fb11 | 4424 50c5 | fb11 4c24 | 58c5 fb11 | 5424 60c5 | fb11 5c24 | 68c5 fb11 
  0x000002c6e95ed380: 6424 70c5 | fb11 6c24 | 78c5 fb11 | b424 8000 | 0000 c5fb | 11bc 2488 | 0000 00c5 | 7b11 8424 
  0x000002c6e95ed3a0: 9000 0000 | c57b 118c | 2498 0000 | 00c5 7b11 | 9424 a000 | 0000 c57b | 119c 24a8 | 0000 00c5 
  0x000002c6e95ed3c0: 7b11 a424 | b000 0000 | c57b 11ac | 24b8 0000 | 00c5 7b11 | b424 c000 | 0000 c57b | 11bc 24c8 
  0x000002c6e95ed3e0: 0000 0049 | 8bd7 488b | c848 83ec | 2040 f6c4 | 0f0f 8419 | 0000 0048 | 83ec 0848 | b800 099f 
  0x000002c6e95ed400: 33ff 7f00 | 00ff d048 | 83c4 08e9 | 0c00 0000 | 48b8 0009 | 9f33 ff7f | 0000 ffd0 | 4883 c420 
  0x000002c6e95ed420: c57b 10bc | 24c8 0000 | 00c5 7b10 | b424 c000 | 0000 c57b | 10ac 24b8 | 0000 00c5 | 7b10 a424 
  0x000002c6e95ed440: b000 0000 | c57b 109c | 24a8 0000 | 00c5 7b10 | 9424 a000 | 0000 c57b | 108c 2498 | 0000 00c5 
  0x000002c6e95ed460: 7b10 8424 | 9000 0000 | c5fb 10bc | 2488 0000 | 00c5 fb10 | b424 8000 | 0000 c5fb | 106c 2478 
  0x000002c6e95ed480: c5fb 1064 | 2470 c5fb | 105c 2468 | c5fb 1054 | 2460 c5fb | 104c 2458 | c5fb 1044 | 2450 4c8b 
  0x000002c6e95ed4a0: 5c24 404c | 8b54 2438 | 4c8b 4c24 | 304c 8b44 | 2428 488b | 7c24 2048 | 8b74 2418 | 488b 5424 
  0x000002c6e95ed4c0: 1048 8b4c | 2408 488b | 0424 4881 | c4d0 0000 | 00c5 f877 | 4889 4510 | 4883 ec10 | 4889 0424 
  0x000002c6e95ed4e0: 48c7 4424 | 0800 0000 | 0041 83bf | c804 0000 | 020f 85bf | 0000 0048 | 81ec 8000 | 0000 4889 
  0x000002c6e95ed500: 4424 7848 | 894c 2470 | 4889 5424 | 6848 895c | 2460 4889 | 6c24 5048 | 8974 2448 | 4889 7c24 
  0x000002c6e95ed520: 404c 8944 | 2438 4c89 | 4c24 304c | 8954 2428 | 4c89 5c24 | 204c 8964 | 2418 4c89 | 6c24 104c 
  0x000002c6e95ed540: 8974 2408 | 4c89 3c24 | 4c8b e448 | 83ec 2048 | 83e4 f048 | b8a0 25e2 | 33ff 7f00 | 00ff d049 
  0x000002c6e95ed560: 8be4 4c8b | 3c24 4c8b | 7424 084c | 8b6c 2410 | 4c8b 6424 | 184c 8b5c | 2420 4c8b | 5424 284c 
  0x000002c6e95ed580: 8b4c 2430 | 4c8b 4424 | 3848 8b7c | 2440 488b | 7424 4848 | 8b6c 2450 | 488b 5c24 | 6048 8b54 
  0x000002c6e95ed5a0: 2468 488b | 4c24 7048 | 8b44 2478 | 4881 c480 | 0000 004d | 33e4 488b | 5de8 4c8b | 6b08 4d8d 
  0x000002c6e95ed5c0: 6d38 4983 | 7f08 000f | 84bb 0000 | 00e8 0500 | 0000 e996 | 0000 0048 | 8d44 2408 | 4c89 6dc0 
  0x000002c6e95ed5e0: 498b cfc5 | f877 4989 | afb0 0300 | 0049 8987 | a003 0000 | 4883 ec20 | 40f6 c40f | 0f84 1900 
  0x000002c6e95ed600: 0000 4883 | ec08 48b8 | f06d aa33 | ff7f 0000 | ffd0 4883 | c408 e90c | 0000 0048 | b8f0 6daa 
  0x000002c6e95ed620: 33ff 7f00 | 00ff d048 | 83c4 2049 | c787 a003 | 0000 0000 | 0000 49c7 | 87b0 0300 | 0000 0000 
  0x000002c6e95ed640: 0049 c787 | a803 0000 | 0000 0000 | c5f8 7749 | 837f 0800 | 0f84 0500 | 0000 e961 | 38ff ff4c 
  0x000002c6e95ed660: 8b6d c04c | 8b75 c84e | 8d74 f500 | c348 b940 | e509 34ff | 7f00 0048 | 83e4 f048 | b850 4dd0 
  0x000002c6e95ed680: 33ff 7f00 | 00ff d0f4 | 448b 5b28 | 41f6 c320 | 0f84 7901 | 0000 488d | 55a8 4c8b | 5a08 4d85 
  0x000002c6e95ed6a0: db0f 85bb | 0000 00e8 | 0500 0000 | e996 0000 | 0048 8d44 | 2408 4c89 | 6dc0 498b | cfc5 f877 
  0x000002c6e95ed6c0: 4989 afb0 | 0300 0049 | 8987 a003 | 0000 4883 | ec20 40f6 | c40f 0f84 | 1900 0000 | 4883 ec08 
  0x000002c6e95ed6e0: 48b8 206d | aa33 ff7f | 0000 ffd0 | 4883 c408 | e90c 0000 | 0048 b820 | 6daa 33ff | 7f00 00ff 
  0x000002c6e95ed700: d048 83c4 | 2049 c787 | a003 0000 | 0000 0000 | 49c7 87b0 | 0300 0000 | 0000 0049 | c787 a803 
  0x000002c6e95ed720: 0000 0000 | 0000 c5f8 | 7749 837f | 0800 0f84 | 0500 0000 | e987 37ff | ff4c 8b6d | c04c 8b75 
  0x000002c6e95ed740: c84e 8d74 | f500 c348 | b940 e509 | 34ff 7f00 | 0048 83e4 | f048 b850 | 4dd0 33ff | 7f00 00ff 
  0x000002c6e95ed760: d0f4 4c89 | 6dc0 4c8b | 4a08 48c7 | 4208 0000 | 0000 458b | 8718 0600 | 004f 3b4c | 07f8 0f85 
  0x000002c6e95ed780: 4900 0000 | 4183 af18 | 0600 0008 | 4f3b 4c07 | f00f 842a | 0000 0049 | 8b01 a802 | 0f85 1200 
  0x000002c6e95ed7a0: 0000 4c8b | c049 83c8 | 01f0 4d0f | b101 0f84 | 0d00 0000 | 4183 8718 | 0600 0008 | e90c 0000 
  0x000002c6e95ed7c0: 0049 ff8f | 5005 0000 | e93e 0000 | 004c 894a | 0848 8bca | 4883 ec20 | 40f6 c40f | 0f84 1900 
  0x000002c6e95ed7e0: 0000 4883 | ec08 48b8 | e03f aa33 | ff7f 0000 | ffd0 4883 | c408 e90c | 0000 0048 | b8e0 3faa 
  0x000002c6e95ed800: 33ff 7f00 | 00ff d048 | 83c4 204c | 8b6d c049 | ba41 bd31 | 34ff 7f00 | 0041 803a | 000f 843e 
  0x000002c6e95ed820: 0000 0048 | 8b55 e849 | 8bcf 4883 | ec20 40f6 | c40f 0f84 | 1900 0000 | 4883 ec08 | 48b8 f0f0 
  0x000002c6e95ed840: e133 ff7f | 0000 ffd0 | 4883 c408 | e90c 0000 | 0048 b8f0 | f0e1 33ff | 7f00 00ff | d048 83c4 
  0x000002c6e95ed860: 2048 8b04 | 2448 83c4 | 10c5 fb10 | 0424 4883 | c410 4c8b | 5d18 41ff | d34c 8b5d | f8c9 5f49 
  0x000002c6e95ed880: 8be3 ffe7 | ba00 0000 | 00e8 0500 | 0000 e996 | 0000 0048 | 8d44 2408 | 4c89 6dc0 | 498b cfc5 
  0x000002c6e95ed8a0: f877 4989 | afb0 0300 | 0049 8987 | a003 0000 | 4883 ec20 | 40f6 c40f | 0f84 1900 | 0000 4883 
  0x000002c6e95ed8c0: ec08 48b8 | 9033 aa33 | ff7f 0000 | ffd0 4883 | c408 e90c | 0000 0048 | b890 33aa | 33ff 7f00 
  0x000002c6e95ed8e0: 00ff d048 | 83c4 2049 | c787 a003 | 0000 0000 | 0000 49c7 | 87b0 0300 | 0000 0000 | 0049 c787 
  0x000002c6e95ed900: a803 0000 | 0000 0000 | c5f8 7749 | 837f 0800 | 0f84 0500 | 0000 e9a5 | 35ff ff4c | 8b6d c04c 
  0x000002c6e95ed920: 8b75 c84e | 8d74 f500 | c348 8b5d | e8e9 26f6 | ffff 660f | 1f44 0000 
[/MachCode]

---------------  P R O C E S S  ---------------

Threads class SMR info:
_java_thread_list=0x000002c6c52fada0, length=18, elements={
0x000002c6d75ae760, 0x000002c6f8f06cd0, 0x000002c6f8f07730, 0x000002c6f8f10cb0,
0x000002c6f8f11df0, 0x000002c6f8f143d0, 0x000002c6f8f16510, 0x000002c6f8f1ff50,
0x000002c6f8f417e0, 0x000002c6c5150690, 0x000002c6c515d740, 0x000002c6c52a6030,
0x000002c6c59730c0, 0x000002c6c5a3e060, 0x000002c6c5a426e0, 0x000002c6c5cc1c50,
0x000002c6c5629980, 0x000002c6c5628c60
}

Java Threads: ( => current thread )
  0x000002c6d75ae760 JavaThread "main"                              [_thread_blocked, id=23836, stack(0x000000d969600000,0x000000d969700000) (1024K)]
  0x000002c6f8f06cd0 JavaThread "Reference Handler"          daemon [_thread_blocked, id=18500, stack(0x000000d969e00000,0x000000d969f00000) (1024K)]
  0x000002c6f8f07730 JavaThread "Finalizer"                  daemon [_thread_blocked, id=30984, stack(0x000000d969f00000,0x000000d96a000000) (1024K)]
  0x000002c6f8f10cb0 JavaThread "Signal Dispatcher"          daemon [_thread_blocked, id=30380, stack(0x000000d96a000000,0x000000d96a100000) (1024K)]
  0x000002c6f8f11df0 JavaThread "Attach Listener"            daemon [_thread_blocked, id=28912, stack(0x000000d96a100000,0x000000d96a200000) (1024K)]
  0x000002c6f8f143d0 JavaThread "Service Thread"             daemon [_thread_blocked, id=14488, stack(0x000000d96a200000,0x000000d96a300000) (1024K)]
  0x000002c6f8f16510 JavaThread "Monitor Deflation Thread"   daemon [_thread_blocked, id=18840, stack(0x000000d96a300000,0x000000d96a400000) (1024K)]
  0x000002c6f8f1ff50 JavaThread "C2 CompilerThread0"         daemon [_thread_blocked, id=18096, stack(0x000000d96a400000,0x000000d96a500000) (1024K)]
  0x000002c6f8f417e0 JavaThread "C1 CompilerThread0"         daemon [_thread_blocked, id=26968, stack(0x000000d96a500000,0x000000d96a600000) (1024K)]
  0x000002c6c5150690 JavaThread "Notification Thread"        daemon [_thread_blocked, id=26676, stack(0x000000d96a600000,0x000000d96a700000) (1024K)]
  0x000002c6c515d740 JavaThread "Common-Cleaner"             daemon [_thread_blocked, id=12064, stack(0x000000d96a700000,0x000000d96a800000) (1024K)]
  0x000002c6c52a6030 JavaThread "JavaFX-Launcher"                   [_thread_blocked, id=29092, stack(0x000000d96a800000,0x000000d96a900000) (1024K)]
  0x000002c6c59730c0 JavaThread "QuantumRenderer-0"          daemon [_thread_blocked, id=26712, stack(0x000000d96a900000,0x000000d96aa00000) (1024K)]
  0x000002c6c5a3e060 JavaThread "InvokeLaterDispatcher"      daemon [_thread_blocked, id=29824, stack(0x000000d96ac00000,0x000000d96ad00000) (1024K)]
=>0x000002c6c5a426e0 JavaThread "JavaFX Application Thread"         [_thread_in_vm, id=31032, stack(0x000000d96ad00000,0x000000d96ae00000) (1024K)]
  0x000002c6c5cc1c50 JavaThread "Thread-2"                   daemon [_thread_in_native, id=26772, stack(0x000000d96b900000,0x000000d96ba00000) (1024K)]
  0x000002c6c5629980 JavaThread "Prism Font Disposer"        daemon [_thread_blocked, id=20736, stack(0x000000d96c500000,0x000000d96c600000) (1024K)]
  0x000002c6c5628c60 JavaThread "Cleaner-0"                  daemon [_thread_blocked, id=21380, stack(0x000000d96c600000,0x000000d96c700000) (1024K)]
Total: 18

Other Threads:
  0x000002c6f8ef14e0 VMThread "VM Thread"                           [id=23724, stack(0x000000d969d00000,0x000000d969e00000) (1024K)]
  0x000002c6f8ed83f0 WatcherThread "VM Periodic Task Thread"        [id=2632, stack(0x000000d969c00000,0x000000d969d00000) (1024K)]
  0x000002c6d99cca00 WorkerThread "GC Thread#0"                     [id=28440, stack(0x000000d969700000,0x000000d969800000) (1024K)]
  0x000002c6cb435fb0 WorkerThread "GC Thread#1"                     [id=23168, stack(0x000000d96bc00000,0x000000d96bd00000) (1024K)]
  0x000002c6cb4b4480 WorkerThread "GC Thread#2"                     [id=11912, stack(0x000000d96bd00000,0x000000d96be00000) (1024K)]
  0x000002c6cb482160 WorkerThread "GC Thread#3"                     [id=14624, stack(0x000000d96be00000,0x000000d96bf00000) (1024K)]
  0x000002c6cb482510 WorkerThread "GC Thread#4"                     [id=34140, stack(0x000000d96bf00000,0x000000d96c000000) (1024K)]
  0x000002c6cb4828c0 WorkerThread "GC Thread#5"                     [id=6864, stack(0x000000d96c000000,0x000000d96c100000) (1024K)]
  0x000002c6c5d8eae0 WorkerThread "GC Thread#6"                     [id=26460, stack(0x000000d96c100000,0x000000d96c200000) (1024K)]
  0x000002c6cb06c170 WorkerThread "GC Thread#7"                     [id=4968, stack(0x000000d96c200000,0x000000d96c300000) (1024K)]
  0x000002c6cb3e4140 WorkerThread "GC Thread#8"                     [id=19956, stack(0x000000d96c300000,0x000000d96c400000) (1024K)]
  0x000002c6cb769020 WorkerThread "GC Thread#9"                     [id=32896, stack(0x000000d96c400000,0x000000d96c500000) (1024K)]
  0x000002c6d99e0c90 ConcurrentGCThread "G1 Main Marker"            [id=14640, stack(0x000000d969800000,0x000000d969900000) (1024K)]
  0x000002c6d99e26c0 WorkerThread "G1 Conc#0"                       [id=26540, stack(0x000000d969900000,0x000000d969a00000) (1024K)]
  0x000002c6f8daa5a0 ConcurrentGCThread "G1 Refine#0"               [id=21040, stack(0x000000d969a00000,0x000000d969b00000) (1024K)]
  0x000002c6f8daafd0 ConcurrentGCThread "G1 Service"                [id=21412, stack(0x000000d969b00000,0x000000d969c00000) (1024K)]
Total: 16

Threads with active compile tasks:
Total: 0

VM state: not at safepoint (normal execution)

VM Mutex/Monitor currently owned by a thread: None

Heap address: 0x000000070b000000, size: 3920 MB, Compressed Oops mode: Zero based, Oop shift amount: 3

CDS archive(s) mapped at: [0x000002c680000000-0x000002c680d70000-0x000002c680d70000), size 14090240, SharedBaseAddress: 0x000002c680000000, ArchiveRelocationMode: 1.
Compressed class space mapped at: 0x000002c681000000-0x000002c6c1000000, reserved size: 1073741824
Narrow klass base: 0x000002c680000000, Narrow klass shift: 0, Narrow klass range: 0x41000000

GC Precious Log:
 CardTable entry size: 512
 Card Set container configuration: InlinePtr #cards 4 size 8 Array Of Cards #cards 16 size 48 Howl #buckets 8 coarsen threshold 3686 Howl Bitmap #cards 512 size 80 coarsen threshold 460 Card regions per heap region 1 cards per card region 4096
 CPUs: 12 total, 12 available
 Memory: 15679M
 Large Page Support: Disabled
 NUMA Support: Disabled
 Compressed Oops: Enabled (Zero based)
 Heap Region Size: 2M
 Heap Min Capacity: 8M
 Heap Initial Capacity: 246M
 Heap Max Capacity: 3920M
 Pre-touch: Disabled
 Parallel Workers: 10
 Concurrent Workers: 3
 Concurrent Refinement Workers: 10
 Periodic GC: Disabled

Heap:
 garbage-first heap   total reserved 4014080K, committed 251904K, used 35530K [0x000000070b000000, 0x0000000800000000)
  region size 2048K, 10 young (20480K), 2 survivors (4096K)
 Metaspace       used 16796K, committed 17088K, reserved 1114112K
  class space    used 2541K, committed 2688K, reserved 1048576K

Heap Regions: E=young(eden), S=young(survivor), O=old, HS=humongous(starts), HC=humongous(continues), CS=collection set, F=free, TAMS=top-at-mark-start, PB=parsable bottom
|   0|0x000000070b000000, 0x000000070b200000, 0x000000070b200000|100%| O|  |TAMS 0x000000070b000000| PB 0x000000070b000000| Untracked |  0
|   1|0x000000070b200000, 0x000000070b400000, 0x000000070b400000|100%|HS|  |TAMS 0x000000070b200000| PB 0x000000070b200000| Complete |  0
|   2|0x000000070b400000, 0x000000070b600000, 0x000000070b600000|100%|HC|  |TAMS 0x000000070b400000| PB 0x000000070b400000| Complete |  0
|   3|0x000000070b600000, 0x000000070b800000, 0x000000070b800000|100%|HC|  |TAMS 0x000000070b600000| PB 0x000000070b600000| Complete |  0
|   4|0x000000070b800000, 0x000000070ba00000, 0x000000070ba00000|100%|HS|  |TAMS 0x000000070b800000| PB 0x000000070b800000| Complete |  0
|   5|0x000000070ba00000, 0x000000070bc00000, 0x000000070bc00000|100%| O|  |TAMS 0x000000070ba00000| PB 0x000000070ba00000| Untracked |  1
|   6|0x000000070bc00000, 0x000000070bd22ac0, 0x000000070be00000| 56%| O|  |TAMS 0x000000070bc00000| PB 0x000000070bc00000| Untracked |  0
|   7|0x000000070be00000, 0x000000070c000000, 0x000000070c000000|100%|HS|  |TAMS 0x000000070be00000| PB 0x000000070be00000| Complete |  0
|   8|0x000000070c000000, 0x000000070c200000, 0x000000070c200000|100%|HS|  |TAMS 0x000000070c000000| PB 0x000000070c000000| Complete |  0
|   9|0x000000070c200000, 0x000000070c200000, 0x000000070c400000|  0%| F|  |TAMS 0x000000070c200000| PB 0x000000070c200000| Untracked |  0
|  10|0x000000070c400000, 0x000000070c400000, 0x000000070c600000|  0%| F|  |TAMS 0x000000070c400000| PB 0x000000070c400000| Untracked |  0
|  11|0x000000070c600000, 0x000000070c600000, 0x000000070c800000|  0%| F|  |TAMS 0x000000070c600000| PB 0x000000070c600000| Untracked |  0
|  12|0x000000070c800000, 0x000000070c800000, 0x000000070ca00000|  0%| F|  |TAMS 0x000000070c800000| PB 0x000000070c800000| Untracked |  0
|  13|0x000000070ca00000, 0x000000070ca00000, 0x000000070cc00000|  0%| F|  |TAMS 0x000000070ca00000| PB 0x000000070ca00000| Untracked |  0
|  14|0x000000070cc00000, 0x000000070cc00000, 0x000000070ce00000|  0%| F|  |TAMS 0x000000070cc00000| PB 0x000000070cc00000| Untracked |  0
|  15|0x000000070ce00000, 0x000000070ce00000, 0x000000070d000000|  0%| F|  |TAMS 0x000000070ce00000| PB 0x000000070ce00000| Untracked |  0
|  16|0x000000070d000000, 0x000000070d000000, 0x000000070d200000|  0%| F|  |TAMS 0x000000070d000000| PB 0x000000070d000000| Untracked |  0
|  17|0x000000070d200000, 0x000000070d200000, 0x000000070d400000|  0%| F|  |TAMS 0x000000070d200000| PB 0x000000070d200000| Untracked |  0
|  18|0x000000070d400000, 0x000000070d400000, 0x000000070d600000|  0%| F|  |TAMS 0x000000070d400000| PB 0x000000070d400000| Untracked |  0
|  19|0x000000070d600000, 0x000000070d600000, 0x000000070d800000|  0%| F|  |TAMS 0x000000070d600000| PB 0x000000070d600000| Untracked |  0
|  20|0x000000070d800000, 0x000000070d800000, 0x000000070da00000|  0%| F|  |TAMS 0x000000070d800000| PB 0x000000070d800000| Untracked |  0
|  21|0x000000070da00000, 0x000000070da00000, 0x000000070dc00000|  0%| F|  |TAMS 0x000000070da00000| PB 0x000000070da00000| Untracked |  0
|  22|0x000000070dc00000, 0x000000070dc00000, 0x000000070de00000|  0%| F|  |TAMS 0x000000070dc00000| PB 0x000000070dc00000| Untracked |  0
|  23|0x000000070de00000, 0x000000070de00000, 0x000000070e000000|  0%| F|  |TAMS 0x000000070de00000| PB 0x000000070de00000| Untracked |  0
|  24|0x000000070e000000, 0x000000070e000000, 0x000000070e200000|  0%| F|  |TAMS 0x000000070e000000| PB 0x000000070e000000| Untracked |  0
|  25|0x000000070e200000, 0x000000070e200000, 0x000000070e400000|  0%| F|  |TAMS 0x000000070e200000| PB 0x000000070e200000| Untracked |  0
|  26|0x000000070e400000, 0x000000070e400000, 0x000000070e600000|  0%| F|  |TAMS 0x000000070e400000| PB 0x000000070e400000| Untracked |  0
|  27|0x000000070e600000, 0x000000070e600000, 0x000000070e800000|  0%| F|  |TAMS 0x000000070e600000| PB 0x000000070e600000| Untracked |  0
|  28|0x000000070e800000, 0x000000070e800000, 0x000000070ea00000|  0%| F|  |TAMS 0x000000070e800000| PB 0x000000070e800000| Untracked |  0
|  29|0x000000070ea00000, 0x000000070ea00000, 0x000000070ec00000|  0%| F|  |TAMS 0x000000070ea00000| PB 0x000000070ea00000| Untracked |  0
|  30|0x000000070ec00000, 0x000000070ec00000, 0x000000070ee00000|  0%| F|  |TAMS 0x000000070ec00000| PB 0x000000070ec00000| Untracked |  0
|  31|0x000000070ee00000, 0x000000070ee00000, 0x000000070f000000|  0%| F|  |TAMS 0x000000070ee00000| PB 0x000000070ee00000| Untracked |  0
|  32|0x000000070f000000, 0x000000070f000000, 0x000000070f200000|  0%| F|  |TAMS 0x000000070f000000| PB 0x000000070f000000| Untracked |  0
|  33|0x000000070f200000, 0x000000070f200000, 0x000000070f400000|  0%| F|  |TAMS 0x000000070f200000| PB 0x000000070f200000| Untracked |  0
|  34|0x000000070f400000, 0x000000070f400000, 0x000000070f600000|  0%| F|  |TAMS 0x000000070f400000| PB 0x000000070f400000| Untracked |  0
|  35|0x000000070f600000, 0x000000070f600000, 0x000000070f800000|  0%| F|  |TAMS 0x000000070f600000| PB 0x000000070f600000| Untracked |  0
|  36|0x000000070f800000, 0x000000070f800000, 0x000000070fa00000|  0%| F|  |TAMS 0x000000070f800000| PB 0x000000070f800000| Untracked |  0
|  37|0x000000070fa00000, 0x000000070fa00000, 0x000000070fc00000|  0%| F|  |TAMS 0x000000070fa00000| PB 0x000000070fa00000| Untracked |  0
|  38|0x000000070fc00000, 0x000000070fc00000, 0x000000070fe00000|  0%| F|  |TAMS 0x000000070fc00000| PB 0x000000070fc00000| Untracked |  0
|  39|0x000000070fe00000, 0x000000070fe00000, 0x0000000710000000|  0%| F|  |TAMS 0x000000070fe00000| PB 0x000000070fe00000| Untracked |  0
|  40|0x0000000710000000, 0x0000000710000000, 0x0000000710200000|  0%| F|  |TAMS 0x0000000710000000| PB 0x0000000710000000| Untracked |  0
|  41|0x0000000710200000, 0x0000000710200000, 0x0000000710400000|  0%| F|  |TAMS 0x0000000710200000| PB 0x0000000710200000| Untracked |  0
|  42|0x0000000710400000, 0x0000000710400000, 0x0000000710600000|  0%| F|  |TAMS 0x0000000710400000| PB 0x0000000710400000| Untracked |  0
|  43|0x0000000710600000, 0x0000000710600000, 0x0000000710800000|  0%| F|  |TAMS 0x0000000710600000| PB 0x0000000710600000| Untracked |  0
|  44|0x0000000710800000, 0x0000000710800000, 0x0000000710a00000|  0%| F|  |TAMS 0x0000000710800000| PB 0x0000000710800000| Untracked |  0
|  45|0x0000000710a00000, 0x0000000710a00000, 0x0000000710c00000|  0%| F|  |TAMS 0x0000000710a00000| PB 0x0000000710a00000| Untracked |  0
|  46|0x0000000710c00000, 0x0000000710c00000, 0x0000000710e00000|  0%| F|  |TAMS 0x0000000710c00000| PB 0x0000000710c00000| Untracked |  0
|  47|0x0000000710e00000, 0x0000000710e00000, 0x0000000711000000|  0%| F|  |TAMS 0x0000000710e00000| PB 0x0000000710e00000| Untracked |  0
|  48|0x0000000711000000, 0x0000000711000000, 0x0000000711200000|  0%| F|  |TAMS 0x0000000711000000| PB 0x0000000711000000| Untracked |  0
|  49|0x0000000711200000, 0x0000000711200000, 0x0000000711400000|  0%| F|  |TAMS 0x0000000711200000| PB 0x0000000711200000| Untracked |  0
|  50|0x0000000711400000, 0x0000000711400000, 0x0000000711600000|  0%| F|  |TAMS 0x0000000711400000| PB 0x0000000711400000| Untracked |  0
|  51|0x0000000711600000, 0x0000000711600000, 0x0000000711800000|  0%| F|  |TAMS 0x0000000711600000| PB 0x0000000711600000| Untracked |  0
|  52|0x0000000711800000, 0x0000000711800000, 0x0000000711a00000|  0%| F|  |TAMS 0x0000000711800000| PB 0x0000000711800000| Untracked |  0
|  53|0x0000000711a00000, 0x0000000711a00000, 0x0000000711c00000|  0%| F|  |TAMS 0x0000000711a00000| PB 0x0000000711a00000| Untracked |  0
|  54|0x0000000711c00000, 0x0000000711c00000, 0x0000000711e00000|  0%| F|  |TAMS 0x0000000711c00000| PB 0x0000000711c00000| Untracked |  0
|  55|0x0000000711e00000, 0x0000000711e00000, 0x0000000712000000|  0%| F|  |TAMS 0x0000000711e00000| PB 0x0000000711e00000| Untracked |  0
|  56|0x0000000712000000, 0x0000000712000000, 0x0000000712200000|  0%| F|  |TAMS 0x0000000712000000| PB 0x0000000712000000| Untracked |  0
|  57|0x0000000712200000, 0x0000000712200000, 0x0000000712400000|  0%| F|  |TAMS 0x0000000712200000| PB 0x0000000712200000| Untracked |  0
|  58|0x0000000712400000, 0x0000000712400000, 0x0000000712600000|  0%| F|  |TAMS 0x0000000712400000| PB 0x0000000712400000| Untracked |  0
|  59|0x0000000712600000, 0x0000000712600000, 0x0000000712800000|  0%| F|  |TAMS 0x0000000712600000| PB 0x0000000712600000| Untracked |  0
|  60|0x0000000712800000, 0x0000000712800000, 0x0000000712a00000|  0%| F|  |TAMS 0x0000000712800000| PB 0x0000000712800000| Untracked |  0
|  61|0x0000000712a00000, 0x0000000712a00000, 0x0000000712c00000|  0%| F|  |TAMS 0x0000000712a00000| PB 0x0000000712a00000| Untracked |  0
|  62|0x0000000712c00000, 0x0000000712c00000, 0x0000000712e00000|  0%| F|  |TAMS 0x0000000712c00000| PB 0x0000000712c00000| Untracked |  0
|  63|0x0000000712e00000, 0x0000000712e00000, 0x0000000713000000|  0%| F|  |TAMS 0x0000000712e00000| PB 0x0000000712e00000| Untracked |  0
|  64|0x0000000713000000, 0x0000000713000000, 0x0000000713200000|  0%| F|  |TAMS 0x0000000713000000| PB 0x0000000713000000| Untracked |  0
|  65|0x0000000713200000, 0x0000000713200000, 0x0000000713400000|  0%| F|  |TAMS 0x0000000713200000| PB 0x0000000713200000| Untracked |  0
|  66|0x0000000713400000, 0x0000000713400000, 0x0000000713600000|  0%| F|  |TAMS 0x0000000713400000| PB 0x0000000713400000| Untracked |  0
|  67|0x0000000713600000, 0x0000000713600000, 0x0000000713800000|  0%| F|  |TAMS 0x0000000713600000| PB 0x0000000713600000| Untracked |  0
|  68|0x0000000713800000, 0x0000000713800000, 0x0000000713a00000|  0%| F|  |TAMS 0x0000000713800000| PB 0x0000000713800000| Untracked |  0
|  69|0x0000000713a00000, 0x0000000713a00000, 0x0000000713c00000|  0%| F|  |TAMS 0x0000000713a00000| PB 0x0000000713a00000| Untracked |  0
|  70|0x0000000713c00000, 0x0000000713c00000, 0x0000000713e00000|  0%| F|  |TAMS 0x0000000713c00000| PB 0x0000000713c00000| Untracked |  0
|  71|0x0000000713e00000, 0x0000000713e00000, 0x0000000714000000|  0%| F|  |TAMS 0x0000000713e00000| PB 0x0000000713e00000| Untracked |  0
|  72|0x0000000714000000, 0x0000000714000000, 0x0000000714200000|  0%| F|  |TAMS 0x0000000714000000| PB 0x0000000714000000| Untracked |  0
|  73|0x0000000714200000, 0x0000000714200000, 0x0000000714400000|  0%| F|  |TAMS 0x0000000714200000| PB 0x0000000714200000| Untracked |  0
|  74|0x0000000714400000, 0x0000000714400000, 0x0000000714600000|  0%| F|  |TAMS 0x0000000714400000| PB 0x0000000714400000| Untracked |  0
|  75|0x0000000714600000, 0x0000000714600000, 0x0000000714800000|  0%| F|  |TAMS 0x0000000714600000| PB 0x0000000714600000| Untracked |  0
|  76|0x0000000714800000, 0x0000000714800000, 0x0000000714a00000|  0%| F|  |TAMS 0x0000000714800000| PB 0x0000000714800000| Untracked |  0
|  77|0x0000000714a00000, 0x0000000714a00000, 0x0000000714c00000|  0%| F|  |TAMS 0x0000000714a00000| PB 0x0000000714a00000| Untracked |  0
|  78|0x0000000714c00000, 0x0000000714c00000, 0x0000000714e00000|  0%| F|  |TAMS 0x0000000714c00000| PB 0x0000000714c00000| Untracked |  0
|  79|0x0000000714e00000, 0x0000000714e00000, 0x0000000715000000|  0%| F|  |TAMS 0x0000000714e00000| PB 0x0000000714e00000| Untracked |  0
|  80|0x0000000715000000, 0x0000000715000000, 0x0000000715200000|  0%| F|  |TAMS 0x0000000715000000| PB 0x0000000715000000| Untracked |  0
|  81|0x0000000715200000, 0x0000000715200000, 0x0000000715400000|  0%| F|  |TAMS 0x0000000715200000| PB 0x0000000715200000| Untracked |  0
|  82|0x0000000715400000, 0x0000000715400000, 0x0000000715600000|  0%| F|  |TAMS 0x0000000715400000| PB 0x0000000715400000| Untracked |  0
|  83|0x0000000715600000, 0x0000000715600000, 0x0000000715800000|  0%| F|  |TAMS 0x0000000715600000| PB 0x0000000715600000| Untracked |  0
|  84|0x0000000715800000, 0x0000000715800000, 0x0000000715a00000|  0%| F|  |TAMS 0x0000000715800000| PB 0x0000000715800000| Untracked |  0
|  85|0x0000000715a00000, 0x0000000715a00000, 0x0000000715c00000|  0%| F|  |TAMS 0x0000000715a00000| PB 0x0000000715a00000| Untracked |  0
|  86|0x0000000715c00000, 0x0000000715c00000, 0x0000000715e00000|  0%| F|  |TAMS 0x0000000715c00000| PB 0x0000000715c00000| Untracked |  0
|  87|0x0000000715e00000, 0x0000000715e00000, 0x0000000716000000|  0%| F|  |TAMS 0x0000000715e00000| PB 0x0000000715e00000| Untracked |  0
|  88|0x0000000716000000, 0x0000000716000000, 0x0000000716200000|  0%| F|  |TAMS 0x0000000716000000| PB 0x0000000716000000| Untracked |  0
|  89|0x0000000716200000, 0x0000000716200000, 0x0000000716400000|  0%| F|  |TAMS 0x0000000716200000| PB 0x0000000716200000| Untracked |  0
|  90|0x0000000716400000, 0x0000000716400000, 0x0000000716600000|  0%| F|  |TAMS 0x0000000716400000| PB 0x0000000716400000| Untracked |  0
|  91|0x0000000716600000, 0x0000000716600000, 0x0000000716800000|  0%| F|  |TAMS 0x0000000716600000| PB 0x0000000716600000| Untracked |  0
|  92|0x0000000716800000, 0x0000000716800000, 0x0000000716a00000|  0%| F|  |TAMS 0x0000000716800000| PB 0x0000000716800000| Untracked |  0
|  93|0x0000000716a00000, 0x0000000716a00000, 0x0000000716c00000|  0%| F|  |TAMS 0x0000000716a00000| PB 0x0000000716a00000| Untracked |  0
|  94|0x0000000716c00000, 0x0000000716c00000, 0x0000000716e00000|  0%| F|  |TAMS 0x0000000716c00000| PB 0x0000000716c00000| Untracked |  0
|  95|0x0000000716e00000, 0x0000000716e00000, 0x0000000717000000|  0%| F|  |TAMS 0x0000000716e00000| PB 0x0000000716e00000| Untracked |  0
|  96|0x0000000717000000, 0x0000000717000000, 0x0000000717200000|  0%| F|  |TAMS 0x0000000717000000| PB 0x0000000717000000| Untracked |  0
|  97|0x0000000717200000, 0x0000000717200000, 0x0000000717400000|  0%| F|  |TAMS 0x0000000717200000| PB 0x0000000717200000| Untracked |  0
|  98|0x0000000717400000, 0x0000000717400000, 0x0000000717600000|  0%| F|  |TAMS 0x0000000717400000| PB 0x0000000717400000| Untracked |  0
|  99|0x0000000717600000, 0x0000000717600000, 0x0000000717800000|  0%| F|  |TAMS 0x0000000717600000| PB 0x0000000717600000| Untracked |  0
| 100|0x0000000717800000, 0x0000000717800000, 0x0000000717a00000|  0%| F|  |TAMS 0x0000000717800000| PB 0x0000000717800000| Untracked |  0
| 101|0x0000000717a00000, 0x0000000717a00000, 0x0000000717c00000|  0%| F|  |TAMS 0x0000000717a00000| PB 0x0000000717a00000| Untracked |  0
| 102|0x0000000717c00000, 0x0000000717c00000, 0x0000000717e00000|  0%| F|  |TAMS 0x0000000717c00000| PB 0x0000000717c00000| Untracked |  0
| 103|0x0000000717e00000, 0x0000000717e00000, 0x0000000718000000|  0%| F|  |TAMS 0x0000000717e00000| PB 0x0000000717e00000| Untracked |  0
| 104|0x0000000718000000, 0x0000000718000000, 0x0000000718200000|  0%| F|  |TAMS 0x0000000718000000| PB 0x0000000718000000| Untracked |  0
| 105|0x0000000718200000, 0x0000000718200000, 0x0000000718400000|  0%| F|  |TAMS 0x0000000718200000| PB 0x0000000718200000| Untracked |  0
| 106|0x0000000718400000, 0x0000000718400000, 0x0000000718600000|  0%| F|  |TAMS 0x0000000718400000| PB 0x0000000718400000| Untracked |  0
| 107|0x0000000718600000, 0x0000000718600000, 0x0000000718800000|  0%| F|  |TAMS 0x0000000718600000| PB 0x0000000718600000| Untracked |  0
| 108|0x0000000718800000, 0x0000000718800000, 0x0000000718a00000|  0%| F|  |TAMS 0x0000000718800000| PB 0x0000000718800000| Untracked |  0
| 109|0x0000000718a00000, 0x0000000718a00000, 0x0000000718c00000|  0%| F|  |TAMS 0x0000000718a00000| PB 0x0000000718a00000| Untracked |  0
| 110|0x0000000718c00000, 0x0000000718c00000, 0x0000000718e00000|  0%| F|  |TAMS 0x0000000718c00000| PB 0x0000000718c00000| Untracked |  0
| 111|0x0000000718e00000, 0x0000000718f8fda0, 0x0000000719000000| 78%| S|CS|TAMS 0x0000000718e00000| PB 0x0000000718e00000| Complete |  0
| 112|0x0000000719000000, 0x0000000719200000, 0x0000000719200000|100%| S|CS|TAMS 0x0000000719000000| PB 0x0000000719000000| Complete |  0
| 113|0x0000000719200000, 0x0000000719200000, 0x0000000719400000|  0%| F|  |TAMS 0x0000000719200000| PB 0x0000000719200000| Untracked |  0
| 114|0x0000000719400000, 0x0000000719400000, 0x0000000719600000|  0%| F|  |TAMS 0x0000000719400000| PB 0x0000000719400000| Untracked |  0
| 115|0x0000000719600000, 0x000000071972a130, 0x0000000719800000| 58%| E|  |TAMS 0x0000000719600000| PB 0x0000000719600000| Complete |  0
| 116|0x0000000719800000, 0x0000000719a00000, 0x0000000719a00000|100%| E|CS|TAMS 0x0000000719800000| PB 0x0000000719800000| Complete |  0
| 117|0x0000000719a00000, 0x0000000719c00000, 0x0000000719c00000|100%| E|CS|TAMS 0x0000000719a00000| PB 0x0000000719a00000| Complete |  0
| 118|0x0000000719c00000, 0x0000000719e00000, 0x0000000719e00000|100%| E|CS|TAMS 0x0000000719c00000| PB 0x0000000719c00000| Complete |  0
| 119|0x0000000719e00000, 0x000000071a000000, 0x000000071a000000|100%| E|CS|TAMS 0x0000000719e00000| PB 0x0000000719e00000| Complete |  0
| 120|0x000000071a000000, 0x000000071a200000, 0x000000071a200000|100%| E|CS|TAMS 0x000000071a000000| PB 0x000000071a000000| Complete |  0
| 121|0x000000071a200000, 0x000000071a400000, 0x000000071a400000|100%| E|CS|TAMS 0x000000071a200000| PB 0x000000071a200000| Complete |  0
| 122|0x000000071a400000, 0x000000071a600000, 0x000000071a600000|100%| E|CS|TAMS 0x000000071a400000| PB 0x000000071a400000| Complete |  0

Card table byte_map: [0x000002c6f1db0000,0x000002c6f2560000] _byte_map_base: 0x000002c6ee558000

Marking Bits: (CMBitMap*) 0x000002c6d99cd110
 Bits: [0x000002c6f2560000, 0x000002c6f62a0000)

Polling page: 0x000002c6d7710000

Metaspace:

Usage:
  Non-class:     13.92 MB used.
      Class:      2.48 MB used.
       Both:     16.40 MB used.

Virtual space:
  Non-class space:       64.00 MB reserved,      14.06 MB ( 22%) committed,  1 nodes.
      Class space:        1.00 GB reserved,       2.62 MB ( <1%) committed,  1 nodes.
             Both:        1.06 GB reserved,      16.69 MB (  2%) committed. 

Chunk freelists:
   Non-Class:  1.81 MB
       Class:  13.41 MB
        Both:  15.22 MB

MaxMetaspaceSize: unlimited
CompressedClassSpaceSize: 1.00 GB
Initial GC threshold: 21.00 MB
Current GC threshold: 21.00 MB
CDS: on
 - commit_granule_bytes: 65536.
 - commit_granule_words: 8192.
 - virtual_space_node_default_size: 8388608.
 - enlarge_chunks_in_place: 1.
 - use_allocation_guard: 0.


Internal statistics:

num_allocs_failed_limit: 0.
num_arena_births: 336.
num_arena_deaths: 0.
num_vsnodes_births: 2.
num_vsnodes_deaths: 0.
num_space_committed: 267.
num_space_uncommitted: 0.
num_chunks_returned_to_freelist: 0.
num_chunks_taken_from_freelist: 843.
num_chunk_merges: 0.
num_chunk_splits: 577.
num_chunks_enlarged: 429.
num_inconsistent_stats: 0.

CodeHeap 'non-profiled nmethods': size=120064Kb used=1190Kb max_used=1190Kb free=118873Kb
 bounds [0x000002c6e9b70000, 0x000002c6e9de0000, 0x000002c6f10b0000]
CodeHeap 'profiled nmethods': size=120000Kb used=4299Kb max_used=4299Kb free=115701Kb
 bounds [0x000002c6e20b0000, 0x000002c6e24f0000, 0x000002c6e95e0000]
CodeHeap 'non-nmethods': size=5696Kb used=1796Kb max_used=1828Kb free=3900Kb
 bounds [0x000002c6e95e0000, 0x000002c6e9850000, 0x000002c6e9b70000]
CodeCache: size=245760Kb, used=7285Kb, max_used=7317Kb, free=238474Kb
 total_blobs=3870, nmethods=3034, adapters=740, full_count=0
Compilation: enabled, stopped_count=0, restarted_count=0

Compilation events (20 events):
Event: 4727.244 Thread 0x000002c6f8f417e0 3027       3       java.io.OutputStreamWriter::write (11 bytes)
Event: 4727.244 Thread 0x000002c6f8f417e0 nmethod 3027 0x000002c6e24e0188 code [0x000002c6e24e02a0, 0x000002c6e24e03e8]
Event: 4727.244 Thread 0x000002c6f8f417e0 3029       3       java.io.BufferedOutputStream::growIfNeeded (59 bytes)
Event: 4727.244 Thread 0x000002c6f8f417e0 nmethod 3029 0x000002c6e24e0488 code [0x000002c6e24e05c0, 0x000002c6e24e08a0]
Event: 4727.285 Thread 0x000002c6f8f417e0 3031       3       java.util.HashSet::contains (9 bytes)
Event: 4727.286 Thread 0x000002c6f8f417e0 nmethod 3031 0x000002c6e24e0908 code [0x000002c6e24e0a20, 0x000002c6e24e0c00]
Event: 4727.308 Thread 0x000002c6f8f417e0 3032       3       java.lang.StackTraceElement::equals (120 bytes)
Event: 4727.310 Thread 0x000002c6f8f417e0 nmethod 3032 0x000002c6e24e0c88 code [0x000002c6e24e0e60, 0x000002c6e24e19b8]
Event: 4727.345 Thread 0x000002c6f8f417e0 3033       3       java.util.concurrent.locks.AbstractQueuedSynchronizer$ConditionObject::signal (34 bytes)
Event: 4727.346 Thread 0x000002c6f8f417e0 nmethod 3033 0x000002c6e24e1a08 code [0x000002c6e24e1b60, 0x000002c6e24e1eb0]
Event: 4727.392 Thread 0x000002c6f8f417e0 3034  s    3       com.sun.javafx.tk.quantum.QuantumToolkit$PulseTask::set (20 bytes)
Event: 4727.392 Thread 0x000002c6f8f417e0 nmethod 3034 0x000002c6e24e1f08 code [0x000002c6e24e2060, 0x000002c6e24e2810]
Event: 4727.439 Thread 0x000002c6f8f1ff50 3035 %     4       sun.nio.cs.SingleByte$Encoder::encodeArrayLoop @ 117 (280 bytes)
Event: 4727.463 Thread 0x000002c6f8f1ff50 nmethod 3035% 0x000002c6e9c98388 code [0x000002c6e9c98500, 0x000002c6e9c98f40]
Event: 4727.489 Thread 0x000002c6f8f1ff50 3036       4       java.io.OutputStream::flush (1 bytes)
Event: 4727.490 Thread 0x000002c6f8f1ff50 nmethod 3036 0x000002c6e9c99008 code [0x000002c6e9c99100, 0x000002c6e9c99178]
Event: 4727.531 Thread 0x000002c6f8f417e0 3037       3       java.util.concurrent.locks.LockSupport::setCurrentBlocker (14 bytes)
Event: 4727.532 Thread 0x000002c6f8f417e0 nmethod 3037 0x000002c6e24e2888 code [0x000002c6e24e29a0, 0x000002c6e24e2bc8]
Event: 4727.564 Thread 0x000002c6f8f1ff50 3038       4       sun.nio.cs.SingleByte$Encoder::encodeArrayLoop (280 bytes)
Event: 4727.582 Thread 0x000002c6f8f1ff50 nmethod 3038 0x000002c6e9c99308 code [0x000002c6e9c99460, 0x000002c6e9c99ab0]

GC Heap History (4 events):
Event: 4.576 GC heap before
{Heap before GC invocations=0 (full 0):
 garbage-first heap   total reserved 4014080K, committed 251904K, used 22528K [0x000000070b000000, 0x0000000800000000)
  region size 2048K, 12 young (24576K), 0 survivors (0K)
 Metaspace       used 5772K, committed 5952K, reserved 1114112K
  class space    used 685K, committed 768K, reserved 1048576K
}
Event: 4.589 GC heap after
{Heap after GC invocations=1 (full 0):
 garbage-first heap   total reserved 4014080K, committed 251904K, used 4944K [0x000000070b000000, 0x0000000800000000)
  region size 2048K, 2 young (4096K), 2 survivors (4096K)
 Metaspace       used 5772K, committed 5952K, reserved 1114112K
  class space    used 685K, committed 768K, reserved 1048576K
}
Event: 5.667 GC heap before
{Heap before GC invocations=1 (full 0):
 garbage-first heap   total reserved 4014080K, committed 251904K, used 31568K [0x000000070b000000, 0x0000000800000000)
  region size 2048K, 12 young (24576K), 2 survivors (4096K)
 Metaspace       used 11966K, committed 12288K, reserved 1114112K
  class space    used 1683K, committed 1792K, reserved 1048576K
}
Event: 5.675 GC heap after
{Heap after GC invocations=2 (full 0):
 garbage-first heap   total reserved 4014080K, committed 251904K, used 17098K [0x000000070b000000, 0x0000000800000000)
  region size 2048K, 2 young (4096K), 2 survivors (4096K)
 Metaspace       used 11966K, committed 12288K, reserved 1114112K
  class space    used 1683K, committed 1792K, reserved 1048576K
}

Dll operation events (20 events):
Event: 3.718 Loaded shared library C:\Users\loren\.openjfx\cache\24.0.1+4\amd64\api-ms-win-crt-locale-l1-1-0.dll
Event: 3.724 Loaded shared library C:\Users\loren\.openjfx\cache\24.0.1+4\amd64\api-ms-win-crt-math-l1-1-0.dll
Event: 3.729 Loaded shared library C:\Users\loren\.openjfx\cache\24.0.1+4\amd64\api-ms-win-crt-multibyte-l1-1-0.dll
Event: 3.739 Loaded shared library C:\Users\loren\.openjfx\cache\24.0.1+4\amd64\api-ms-win-crt-private-l1-1-0.dll
Event: 3.745 Loaded shared library C:\Users\loren\.openjfx\cache\24.0.1+4\amd64\api-ms-win-crt-process-l1-1-0.dll
Event: 3.751 Loaded shared library C:\Users\loren\.openjfx\cache\24.0.1+4\amd64\api-ms-win-crt-runtime-l1-1-0.dll
Event: 3.757 Loaded shared library C:\Users\loren\.openjfx\cache\24.0.1+4\amd64\api-ms-win-crt-stdio-l1-1-0.dll
Event: 3.762 Loaded shared library C:\Users\loren\.openjfx\cache\24.0.1+4\amd64\api-ms-win-crt-string-l1-1-0.dll
Event: 3.768 Loaded shared library C:\Users\loren\.openjfx\cache\24.0.1+4\amd64\api-ms-win-crt-time-l1-1-0.dll
Event: 3.774 Loaded shared library C:\Users\loren\.openjfx\cache\24.0.1+4\amd64\api-ms-win-crt-utility-l1-1-0.dll
Event: 3.800 Loaded shared library C:\Users\loren\.openjfx\cache\24.0.1+4\amd64\ucrtbase.dll
Event: 3.806 Loaded shared library C:\Users\loren\.openjfx\cache\24.0.1+4\amd64\vcruntime140.dll
Event: 3.811 Loaded shared library C:\Users\loren\.openjfx\cache\24.0.1+4\amd64\vcruntime140_1.dll
Event: 3.825 Loaded shared library C:\Users\loren\.openjfx\cache\24.0.1+4\amd64\msvcp140.dll
Event: 3.831 Loaded shared library C:\Users\loren\.openjfx\cache\24.0.1+4\amd64\msvcp140_1.dll
Event: 3.840 Loaded shared library C:\Users\loren\.openjfx\cache\24.0.1+4\amd64\msvcp140_2.dll
Event: 3.906 Loaded shared library C:\Users\loren\.openjfx\cache\24.0.1+4\amd64\prism_d3d.dll
Event: 3.989 Loaded shared library C:\Users\loren\.openjfx\cache\24.0.1+4\amd64\glass.dll
Event: 5.048 Loaded shared library C:\Users\loren\.openjfx\cache\24.0.1+4\amd64\javafx_iio.dll
Event: 5.207 Loaded shared library C:\Users\loren\.openjfx\cache\24.0.1+4\amd64\javafx_font.dll

Deoptimization events (20 events):
Event: 1178.101 Thread 0x000002c6c59730c0 DEOPT PACKING pc=0x000002c6e242e00d sp=0x000000d96a9fd560
Event: 1178.101 Thread 0x000002c6c59730c0 DEOPT UNPACKING pc=0x000002c6e9634b22 sp=0x000000d96a9fca10 mode 0
Event: 1184.263 Thread 0x000002c6c59730c0 DEOPT PACKING pc=0x000002c6e243fbe6 sp=0x000000d96a9fd4b0
Event: 1184.263 Thread 0x000002c6c59730c0 DEOPT UNPACKING pc=0x000002c6e9634b22 sp=0x000000d96a9fc900 mode 0
Event: 4726.457 Thread 0x000002c6c5a426e0 Uncommon trap: trap_request=0xffffff45 fr.pc=0x000002c6e9c433e0 relative=0x0000000000002620
Event: 4726.458 Thread 0x000002c6c5a426e0 Uncommon trap: reason=unstable_if action=reinterpret pc=0x000002c6e9c433e0 method=java.util.zip.ZipFile$ZipFileInputStream.initDataOffset()J @ 69 c2
Event: 4726.458 Thread 0x000002c6c5a426e0 DEOPT PACKING pc=0x000002c6e9c433e0 sp=0x000000d96adfd460
Event: 4726.458 Thread 0x000002c6c5a426e0 DEOPT UNPACKING pc=0x000002c6e9634402 sp=0x000000d96adfd330 mode 2
Event: 4726.708 Thread 0x000002c6c5cc1c50 Uncommon trap: trap_request=0xffffff45 fr.pc=0x000002c6e9c953a4 relative=0x0000000000000584
Event: 4726.708 Thread 0x000002c6c5cc1c50 Uncommon trap: reason=unstable_if action=reinterpret pc=0x000002c6e9c953a4 method=com.sun.javafx.tk.quantum.QuantumToolkit.postPulse()V @ 17 c2
Event: 4726.708 Thread 0x000002c6c5cc1c50 DEOPT PACKING pc=0x000002c6e9c953a4 sp=0x000000d96b9ff770
Event: 4726.708 Thread 0x000002c6c5cc1c50 DEOPT UNPACKING pc=0x000002c6e9634402 sp=0x000000d96b9ff690 mode 2
Event: 4726.739 Thread 0x000002c6c5cc1c50 Uncommon trap: trap_request=0xffffff45 fr.pc=0x000002c6e9c94994 relative=0x0000000000000574
Event: 4726.739 Thread 0x000002c6c5cc1c50 Uncommon trap: reason=unstable_if action=reinterpret pc=0x000002c6e9c94994 method=com.sun.javafx.tk.quantum.QuantumToolkit.postPulse()V @ 17 c2
Event: 4726.739 Thread 0x000002c6c5cc1c50 DEOPT PACKING pc=0x000002c6e9c94994 sp=0x000000d96b9ff6b0
Event: 4726.739 Thread 0x000002c6c5cc1c50 DEOPT UNPACKING pc=0x000002c6e9634402 sp=0x000000d96b9ff688 mode 2
Event: 4727.083 Thread 0x000002c6c5a426e0 DEOPT PACKING pc=0x000002c6e218843f sp=0x000000d96adfe1c0
Event: 4727.083 Thread 0x000002c6c5a426e0 DEOPT UNPACKING pc=0x000002c6e9634b22 sp=0x000000d96adfd638 mode 0
Event: 4727.564 Thread 0x000002c6c5a426e0 DEOPT PACKING pc=0x000002c6e24c1ebf sp=0x000000d96adfdd70
Event: 4727.564 Thread 0x000002c6c5a426e0 DEOPT UNPACKING pc=0x000002c6e9634b22 sp=0x000000d96adfd2f8 mode 0

Classes loaded (20 events):
Event: 6.806 Loading class java/lang/FdLibm$Atan2
Event: 6.807 Loading class java/lang/FdLibm$Atan2 done
Event: 10.250 Loading class java/util/EnumMap$Values
Event: 10.251 Loading class java/util/EnumMap$Values done
Event: 10.251 Loading class java/util/EnumMap$ValueIterator
Event: 10.251 Loading class java/util/EnumMap$EnumMapIterator
Event: 10.251 Loading class java/util/EnumMap$EnumMapIterator done
Event: 10.251 Loading class java/util/EnumMap$ValueIterator done
Event: 4726.459 Loading class java/util/zip/ZipException
Event: 4726.460 Loading class java/util/zip/ZipException done
Event: 4726.461 Loading class java/util/zip/DataFormatException
Event: 4726.463 Loading class java/util/zip/DataFormatException done
Event: 4726.463 Loading class java/io/InterruptedIOException
Event: 4726.463 Loading class java/io/InterruptedIOException done
Event: 4726.467 Loading class java/lang/Throwable$WrappedPrintStream
Event: 4726.468 Loading class java/lang/Throwable$PrintStreamOrWriter
Event: 4726.468 Loading class java/lang/Throwable$PrintStreamOrWriter done
Event: 4726.468 Loading class java/lang/Throwable$WrappedPrintStream done
Event: 4726.473 Loading class java/lang/StackTraceElement$HashedModules
Event: 4726.474 Loading class java/lang/StackTraceElement$HashedModules done

Classes unloaded (0 events):
No events

Classes redefined (0 events):
No events

Internal exceptions (20 events):
Event: 4727.306 Thread 0x000002c6c5a426e0 Exception <a 'java/lang/NoClassDefFoundError'{0x00000007196cc8b0}: com/sun/scenario/animation/AnimationPulse> (0x00000007196cc8b0) 
thrown [s\open\src\hotspot\share\oops\constantPool.cpp, line 867]
Event: 4727.315 Thread 0x000002c6c5a426e0 Exception <a 'java/lang/NoClassDefFoundError'{0x00000007196cf178}: com/sun/scenario/animation/AnimationPulse> (0x00000007196cf178) 
thrown [s\open\src\hotspot\share\oops\constantPool.cpp, line 867]
Event: 4727.331 Thread 0x000002c6c5a426e0 Exception <a 'java/lang/NoClassDefFoundError'{0x00000007196d1a40}: com/sun/scenario/animation/AnimationPulse> (0x00000007196d1a40) 
thrown [s\open\src\hotspot\share\oops\constantPool.cpp, line 867]
Event: 4727.346 Thread 0x000002c6c5a426e0 Exception <a 'java/lang/NoClassDefFoundError'{0x00000007196d4308}: com/sun/scenario/animation/AnimationPulse> (0x00000007196d4308) 
thrown [s\open\src\hotspot\share\oops\constantPool.cpp, line 867]
Event: 4727.376 Thread 0x000002c6c5a426e0 Exception <a 'java/lang/NoClassDefFoundError'{0x00000007196d6bd0}: com/sun/scenario/animation/AnimationPulse> (0x00000007196d6bd0) 
thrown [s\open\src\hotspot\share\oops\constantPool.cpp, line 867]
Event: 4727.392 Thread 0x000002c6c5a426e0 Exception <a 'java/lang/NoClassDefFoundError'{0x00000007196d96e0}: com/sun/scenario/animation/AnimationPulse> (0x00000007196d96e0) 
thrown [s\open\src\hotspot\share\oops\constantPool.cpp, line 867]
Event: 4727.407 Thread 0x000002c6c5a426e0 Exception <a 'java/lang/NoClassDefFoundError'{0x00000007196dbfa8}: com/sun/scenario/animation/AnimationPulse> (0x00000007196dbfa8) 
thrown [s\open\src\hotspot\share\oops\constantPool.cpp, line 867]
Event: 4727.422 Thread 0x000002c6c5a426e0 Exception <a 'java/lang/NoClassDefFoundError'{0x00000007196de870}: com/sun/scenario/animation/AnimationPulse> (0x00000007196de870) 
thrown [s\open\src\hotspot\share\oops\constantPool.cpp, line 867]
Event: 4727.438 Thread 0x000002c6c5a426e0 Exception <a 'java/lang/NoClassDefFoundError'{0x00000007196e1138}: com/sun/scenario/animation/AnimationPulse> (0x00000007196e1138) 
thrown [s\open\src\hotspot\share\oops\constantPool.cpp, line 867]
Event: 4727.454 Thread 0x000002c6c5a426e0 Exception <a 'java/lang/NoClassDefFoundError'{0x00000007196e3a00}: com/sun/scenario/animation/AnimationPulse> (0x00000007196e3a00) 
thrown [s\open\src\hotspot\share\oops\constantPool.cpp, line 867]
Event: 4727.470 Thread 0x000002c6c5a426e0 Exception <a 'java/lang/NoClassDefFoundError'{0x00000007196e62c8}: com/sun/scenario/animation/AnimationPulse> (0x00000007196e62c8) 
thrown [s\open\src\hotspot\share\oops\constantPool.cpp, line 867]
Event: 4727.485 Thread 0x000002c6c5a426e0 Exception <a 'java/lang/NoClassDefFoundError'{0x00000007196e8b90}: com/sun/scenario/animation/AnimationPulse> (0x00000007196e8b90) 
thrown [s\open\src\hotspot\share\oops\constantPool.cpp, line 867]
Event: 4727.501 Thread 0x000002c6c5a426e0 Exception <a 'java/lang/NoClassDefFoundError'{0x00000007196eb458}: com/sun/scenario/animation/AnimationPulse> (0x00000007196eb458) 
thrown [s\open\src\hotspot\share\oops\constantPool.cpp, line 867]
Event: 4727.517 Thread 0x000002c6c5a426e0 Exception <a 'java/lang/NoClassDefFoundError'{0x00000007196edd20}: com/sun/scenario/animation/AnimationPulse> (0x00000007196edd20) 
thrown [s\open\src\hotspot\share\oops\constantPool.cpp, line 867]
Event: 4727.532 Thread 0x000002c6c5a426e0 Exception <a 'java/lang/NoClassDefFoundError'{0x00000007196f05e8}: com/sun/scenario/animation/AnimationPulse> (0x00000007196f05e8) 
thrown [s\open\src\hotspot\share\oops\constantPool.cpp, line 867]
Event: 4727.552 Thread 0x000002c6c5a426e0 Exception <a 'java/lang/NoClassDefFoundError'{0x00000007196f2eb0}: com/sun/scenario/animation/AnimationPulse> (0x00000007196f2eb0) 
thrown [s\open\src\hotspot\share\oops\constantPool.cpp, line 867]
Event: 4727.564 Thread 0x000002c6c5a426e0 Exception <a 'java/lang/NoClassDefFoundError'{0x00000007196f5778}: com/sun/scenario/animation/AnimationPulse> (0x00000007196f5778) 
thrown [s\open\src\hotspot\share\oops\constantPool.cpp, line 867]
Event: 4727.579 Thread 0x000002c6c5a426e0 Exception <a 'java/lang/NoClassDefFoundError'{0x00000007196f8040}: com/sun/scenario/animation/AnimationPulse> (0x00000007196f8040) 
thrown [s\open\src\hotspot\share\oops\constantPool.cpp, line 867]
Event: 4727.594 Thread 0x000002c6c5a426e0 Exception <a 'java/lang/NoClassDefFoundError'{0x00000007196fa908}: com/sun/scenario/animation/AnimationPulse> (0x00000007196fa908) 
thrown [s\open\src\hotspot\share\oops\constantPool.cpp, line 867]
Event: 4727.613 Thread 0x000002c6c5a426e0 Exception <a 'java/lang/NoClassDefFoundError'{0x00000007196fd1d0}: com/sun/scenario/animation/AnimationPulse> (0x00000007196fd1d0) 
thrown [s\open\src\hotspot\share\oops\constantPool.cpp, line 867]

VM Operations (20 events):
Event: 5.667 Executing VM operation: G1CollectForAllocation (G1 Evacuation Pause)
Event: 5.675 Executing VM operation: G1CollectForAllocation (G1 Evacuation Pause) done
Event: 5.882 Executing VM operation: HandshakeAllThreads (Deoptimize)
Event: 5.882 Executing VM operation: HandshakeAllThreads (Deoptimize) done
Event: 6.485 Executing VM operation: HandshakeAllThreads (Deoptimize)
Event: 6.485 Executing VM operation: HandshakeAllThreads (Deoptimize) done
Event: 6.488 Executing VM operation: HandshakeAllThreads (Deoptimize)
Event: 6.488 Executing VM operation: HandshakeAllThreads (Deoptimize) done
Event: 60.047 Executing VM operation: HandshakeAllThreads (HandshakeForDeflation)
Event: 60.047 Executing VM operation: HandshakeAllThreads (HandshakeForDeflation) done
Event: 60.047 Executing VM operation: RendezvousGCThreads
Event: 60.047 Executing VM operation: RendezvousGCThreads done
Event: 1201.808 Executing VM operation: HandshakeAllThreads (HandshakeForDeflation)
Event: 1201.808 Executing VM operation: HandshakeAllThreads (HandshakeForDeflation) done
Event: 1201.808 Executing VM operation: RendezvousGCThreads
Event: 1201.808 Executing VM operation: RendezvousGCThreads done
Event: 1261.826 Executing VM operation: HandshakeAllThreads (HandshakeForDeflation)
Event: 1261.826 Executing VM operation: HandshakeAllThreads (HandshakeForDeflation) done
Event: 1261.826 Executing VM operation: RendezvousGCThreads
Event: 1261.826 Executing VM operation: RendezvousGCThreads done

Memory protections (0 events):
No events

Nmethod flushes (0 events):
No events

Events (20 events):
Event: 0.061 Thread 0x000002c6d75ae760 Thread added: 0x000002c6f8f417e0
Event: 0.089 Thread 0x000002c6d75ae760 Thread added: 0x000002c6c5150690
Event: 0.093 Thread 0x000002c6d75ae760 Thread added: 0x000002c6c515d740
Event: 3.263 Thread 0x000002c6d75ae760 Thread added: 0x000002c6c52a6030
Event: 3.374 Thread 0x000002c6f8f417e0 Thread added: 0x000002c6c53a3240
Event: 3.713 Thread 0x000002c6c53a3240 Thread exited: 0x000002c6c53a3240
Event: 3.893 Thread 0x000002c6c52a6030 Thread added: 0x000002c6c59730c0
Event: 3.992 Thread 0x000002c6c52a6030 Thread added: 0x000002c6c5a3e060
Event: 3.995 Thread 0x000002c6c52a6030 Thread added: 0x000002c6c5a426e0
Event: 4.257 Thread 0x000002c6c5cc1c50 Thread added: 0x000002c6c5cc1c50
Event: 4.344 Thread 0x000002c6f8f417e0 Thread added: 0x000002c6c5cfb3b0
Event: 4.356 Thread 0x000002c6c5cfb3b0 Thread added: 0x000002c6cb146920
Event: 5.114 Thread 0x000002c6cb146920 Thread exited: 0x000002c6cb146920
Event: 5.117 Thread 0x000002c6c5cfb3b0 Thread exited: 0x000002c6c5cfb3b0
Event: 5.235 Thread 0x000002c6f8f417e0 Thread added: 0x000002c6c50428b0
Event: 5.238 Thread 0x000002c6f8f417e0 Thread added: 0x000002c6c5d797e0
Event: 5.948 Thread 0x000002c6c5a426e0 Thread added: 0x000002c6c5629980
Event: 6.735 Thread 0x000002c6c59730c0 Thread added: 0x000002c6c5628c60
Event: 8.322 Thread 0x000002c6c5d797e0 Thread exited: 0x000002c6c5d797e0
Event: 8.322 Thread 0x000002c6c50428b0 Thread exited: 0x000002c6c50428b0


Dynamic libraries:
0x00007ff61d220000 - 0x00007ff61d230000 	C:\Program Files\Java\jdk-23\bin\java.exe
0x00007fffa5420000 - 0x00007fffa5683000 	C:\WINDOWS\SYSTEM32\ntdll.dll
0x00007fffa3740000 - 0x00007fffa3807000 	C:\WINDOWS\System32\KERNEL32.DLL
0x00007fffa2900000 - 0x00007fffa2cc9000 	C:\WINDOWS\System32\KERNELBASE.dll
0x00007fffa30f0000 - 0x00007fffa323c000 	C:\WINDOWS\System32\ucrtbase.dll
0x00007fff88d40000 - 0x00007fff88d57000 	C:\Program Files\Java\jdk-23\bin\jli.dll
0x00007fffa3ca0000 - 0x00007fffa3e6a000 	C:\WINDOWS\System32\USER32.dll
0x00007fffa2ec0000 - 0x00007fffa2ee7000 	C:\WINDOWS\System32\win32u.dll
0x00007fffa3350000 - 0x00007fffa337a000 	C:\WINDOWS\System32\GDI32.dll
0x00007fff87b80000 - 0x00007fff87b9b000 	C:\Program Files\Java\jdk-23\bin\VCRUNTIME140.dll
0x00007fffa2d80000 - 0x00007fffa2eb1000 	C:\WINDOWS\System32\gdi32full.dll
0x00007fffa2cd0000 - 0x00007fffa2d73000 	C:\WINDOWS\System32\msvcp_win.dll
0x00007fff87d30000 - 0x00007fff87fc0000 	C:\WINDOWS\WinSxS\amd64_microsoft.windows.common-controls_6595b64144ccf1df_6.0.26100.3323_none_3e088096e3344490\COMCTL32.dll
0x00007fffa4310000 - 0x00007fffa43b9000 	C:\WINDOWS\System32\msvcrt.dll
0x00007fffa40a0000 - 0x00007fffa40cf000 	C:\WINDOWS\System32\IMM32.DLL
0x00007fff884b0000 - 0x00007fff884bc000 	C:\Program Files\Java\jdk-23\bin\vcruntime140_1.dll
0x00007fff6b640000 - 0x00007fff6b6ce000 	C:\Program Files\Java\jdk-23\bin\msvcp140.dll
0x00007fff336d0000 - 0x00007fff34420000 	C:\Program Files\Java\jdk-23\bin\server\jvm.dll
0x00007fffa3380000 - 0x00007fffa3432000 	C:\WINDOWS\System32\ADVAPI32.dll
0x00007fffa40f0000 - 0x00007fffa4196000 	C:\WINDOWS\System32\sechost.dll
0x00007fffa3620000 - 0x00007fffa3736000 	C:\WINDOWS\System32\RPCRT4.dll
0x00007fffa43f0000 - 0x00007fffa4464000 	C:\WINDOWS\System32\WS2_32.dll
0x00007fffa2400000 - 0x00007fffa244e000 	C:\WINDOWS\SYSTEM32\POWRPROF.dll
0x00007fff9a3f0000 - 0x00007fff9a426000 	C:\WINDOWS\SYSTEM32\WINMM.dll
0x00007fff9a430000 - 0x00007fff9a43b000 	C:\WINDOWS\SYSTEM32\VERSION.dll
0x00007fffa22d0000 - 0x00007fffa22e4000 	C:\WINDOWS\SYSTEM32\UMPDC.dll
0x00007fffa13e0000 - 0x00007fffa13fa000 	C:\WINDOWS\SYSTEM32\kernel.appcore.dll
0x00007fff86fb0000 - 0x00007fff86fba000 	C:\Program Files\Java\jdk-23\bin\jimage.dll
0x00007fff97600000 - 0x00007fff97841000 	C:\WINDOWS\SYSTEM32\DBGHELP.DLL
0x00007fffa46a0000 - 0x00007fffa4a22000 	C:\WINDOWS\System32\combase.dll
0x00007fffa45b0000 - 0x00007fffa4686000 	C:\WINDOWS\System32\OLEAUT32.dll
0x00007fff87050000 - 0x00007fff87089000 	C:\WINDOWS\SYSTEM32\dbgcore.DLL
0x00007fffa2860000 - 0x00007fffa28f9000 	C:\WINDOWS\System32\bcryptPrimitives.dll
0x00007fff86f70000 - 0x00007fff86f8e000 	C:\Program Files\Java\jdk-23\bin\java.dll
0x00007fffa3f00000 - 0x00007fffa4095000 	C:\WINDOWS\System32\ole32.dll
0x00007fffa4a30000 - 0x00007fffa5145000 	C:\WINDOWS\System32\SHELL32.dll
0x00007fffa2ef0000 - 0x00007fffa3058000 	C:\WINDOWS\System32\wintypes.dll
0x00007fffa0300000 - 0x00007fffa0b45000 	C:\WINDOWS\SYSTEM32\windows.storage.dll
0x00007fffa4470000 - 0x00007fffa455b000 	C:\WINDOWS\System32\SHCORE.dll
0x00007fffa3240000 - 0x00007fffa329d000 	C:\WINDOWS\System32\shlwapi.dll
0x00007fffa2530000 - 0x00007fffa255f000 	C:\WINDOWS\SYSTEM32\profapi.dll
0x00007fff6b450000 - 0x00007fff6b527000 	C:\Program Files\Java\jdk-23\bin\jsvml.dll
0x00007fff86e10000 - 0x00007fff86e20000 	C:\Program Files\Java\jdk-23\bin\net.dll
0x00007fffa1960000 - 0x00007fffa19ca000 	C:\WINDOWS\system32\mswsock.dll
0x00007fff86c50000 - 0x00007fff86c66000 	C:\Program Files\Java\jdk-23\bin\nio.dll
0x00007fff85570000 - 0x00007fff85587000 	C:\Program Files\Java\jdk-23\bin\zip.dll
0x000002c6c5d90000 - 0x000002c6c5d94000 	C:\Users\loren\.openjfx\cache\24.0.1+4\amd64\api-ms-win-core-console-l1-1-0.dll
0x000002c6c5da0000 - 0x000002c6c5da4000 	C:\Users\loren\.openjfx\cache\24.0.1+4\amd64\api-ms-win-core-console-l1-2-0.dll
0x000002c6c5db0000 - 0x000002c6c5db4000 	C:\Users\loren\.openjfx\cache\24.0.1+4\amd64\api-ms-win-core-datetime-l1-1-0.dll
0x000002c6c5dc0000 - 0x000002c6c5dc4000 	C:\Users\loren\.openjfx\cache\24.0.1+4\amd64\api-ms-win-core-debug-l1-1-0.dll
0x000002c6c5dd0000 - 0x000002c6c5dd4000 	C:\Users\loren\.openjfx\cache\24.0.1+4\amd64\api-ms-win-core-errorhandling-l1-1-0.dll
0x000002c6c5de0000 - 0x000002c6c5de5000 	C:\Users\loren\.openjfx\cache\24.0.1+4\amd64\api-ms-win-core-file-l1-1-0.dll
0x000002c6c5df0000 - 0x000002c6c5df4000 	C:\Users\loren\.openjfx\cache\24.0.1+4\amd64\api-ms-win-core-file-l1-2-0.dll
0x000002c6c5e00000 - 0x000002c6c5e04000 	C:\Users\loren\.openjfx\cache\24.0.1+4\amd64\api-ms-win-core-file-l2-1-0.dll
0x000002c6c5e10000 - 0x000002c6c5e14000 	C:\Users\loren\.openjfx\cache\24.0.1+4\amd64\api-ms-win-core-handle-l1-1-0.dll
0x000002c6c5e20000 - 0x000002c6c5e24000 	C:\Users\loren\.openjfx\cache\24.0.1+4\amd64\api-ms-win-core-heap-l1-1-0.dll
0x000002c6c5e30000 - 0x000002c6c5e34000 	C:\Users\loren\.openjfx\cache\24.0.1+4\amd64\api-ms-win-core-interlocked-l1-1-0.dll
0x000002c6c5e40000 - 0x000002c6c5e44000 	C:\Users\loren\.openjfx\cache\24.0.1+4\amd64\api-ms-win-core-libraryloader-l1-1-0.dll
0x000002c6c5e50000 - 0x000002c6c5e54000 	C:\Users\loren\.openjfx\cache\24.0.1+4\amd64\api-ms-win-core-localization-l1-2-0.dll
0x000002c6c5e60000 - 0x000002c6c5e64000 	C:\Users\loren\.openjfx\cache\24.0.1+4\amd64\api-ms-win-core-memory-l1-1-0.dll
0x000002c6c5e70000 - 0x000002c6c5e74000 	C:\Users\loren\.openjfx\cache\24.0.1+4\amd64\api-ms-win-core-namedpipe-l1-1-0.dll
0x000002c6c5e80000 - 0x000002c6c5e84000 	C:\Users\loren\.openjfx\cache\24.0.1+4\amd64\api-ms-win-core-processenvironment-l1-1-0.dll
0x000002c6c5e90000 - 0x000002c6c5e94000 	C:\Users\loren\.openjfx\cache\24.0.1+4\amd64\api-ms-win-core-processthreads-l1-1-0.dll
0x000002c6c5ea0000 - 0x000002c6c5ea4000 	C:\Users\loren\.openjfx\cache\24.0.1+4\amd64\api-ms-win-core-processthreads-l1-1-1.dll
0x000002c6c5eb0000 - 0x000002c6c5eb4000 	C:\Users\loren\.openjfx\cache\24.0.1+4\amd64\api-ms-win-core-profile-l1-1-0.dll
0x000002c6c5ec0000 - 0x000002c6c5ec4000 	C:\Users\loren\.openjfx\cache\24.0.1+4\amd64\api-ms-win-core-rtlsupport-l1-1-0.dll
0x000002c6c5ed0000 - 0x000002c6c5ed4000 	C:\Users\loren\.openjfx\cache\24.0.1+4\amd64\api-ms-win-core-string-l1-1-0.dll
0x000002c6c5ee0000 - 0x000002c6c5ee4000 	C:\Users\loren\.openjfx\cache\24.0.1+4\amd64\api-ms-win-core-synch-l1-1-0.dll
0x000002c6c5ef0000 - 0x000002c6c5ef4000 	C:\Users\loren\.openjfx\cache\24.0.1+4\amd64\api-ms-win-core-synch-l1-2-0.dll
0x000002c6c5f00000 - 0x000002c6c5f04000 	C:\Users\loren\.openjfx\cache\24.0.1+4\amd64\api-ms-win-core-sysinfo-l1-1-0.dll
0x000002c6c5f10000 - 0x000002c6c5f14000 	C:\Users\loren\.openjfx\cache\24.0.1+4\amd64\api-ms-win-core-timezone-l1-1-0.dll
0x000002c6c5f20000 - 0x000002c6c5f24000 	C:\Users\loren\.openjfx\cache\24.0.1+4\amd64\api-ms-win-core-util-l1-1-0.dll
0x000002c6c5f30000 - 0x000002c6c5f34000 	C:\Users\loren\.openjfx\cache\24.0.1+4\amd64\api-ms-win-crt-conio-l1-1-0.dll
0x000002c6c5f40000 - 0x000002c6c5f45000 	C:\Users\loren\.openjfx\cache\24.0.1+4\amd64\api-ms-win-crt-convert-l1-1-0.dll
0x000002c6c5f50000 - 0x000002c6c5f54000 	C:\Users\loren\.openjfx\cache\24.0.1+4\amd64\api-ms-win-crt-environment-l1-1-0.dll
0x000002c6c5f60000 - 0x000002c6c5f64000 	C:\Users\loren\.openjfx\cache\24.0.1+4\amd64\api-ms-win-crt-filesystem-l1-1-0.dll
0x000002c6c5f70000 - 0x000002c6c5f74000 	C:\Users\loren\.openjfx\cache\24.0.1+4\amd64\api-ms-win-crt-heap-l1-1-0.dll
0x000002c6c5f80000 - 0x000002c6c5f84000 	C:\Users\loren\.openjfx\cache\24.0.1+4\amd64\api-ms-win-crt-locale-l1-1-0.dll
0x000002c6c5f90000 - 0x000002c6c5f96000 	C:\Users\loren\.openjfx\cache\24.0.1+4\amd64\api-ms-win-crt-math-l1-1-0.dll
0x000002c6c5fa0000 - 0x000002c6c5fa6000 	C:\Users\loren\.openjfx\cache\24.0.1+4\amd64\api-ms-win-crt-multibyte-l1-1-0.dll
0x000002c6c5fb0000 - 0x000002c6c5fc1000 	C:\Users\loren\.openjfx\cache\24.0.1+4\amd64\api-ms-win-crt-private-l1-1-0.dll
0x000002c6c5fd0000 - 0x000002c6c5fd4000 	C:\Users\loren\.openjfx\cache\24.0.1+4\amd64\api-ms-win-crt-process-l1-1-0.dll
0x000002c6c5fe0000 - 0x000002c6c5fe5000 	C:\Users\loren\.openjfx\cache\24.0.1+4\amd64\api-ms-win-crt-runtime-l1-1-0.dll
0x000002c6c5ff0000 - 0x000002c6c5ff5000 	C:\Users\loren\.openjfx\cache\24.0.1+4\amd64\api-ms-win-crt-stdio-l1-1-0.dll
0x000002c6c6000000 - 0x000002c6c6005000 	C:\Users\loren\.openjfx\cache\24.0.1+4\amd64\api-ms-win-crt-string-l1-1-0.dll
0x000002c6c6010000 - 0x000002c6c6014000 	C:\Users\loren\.openjfx\cache\24.0.1+4\amd64\api-ms-win-crt-time-l1-1-0.dll
0x000002c6c6020000 - 0x000002c6c6024000 	C:\Users\loren\.openjfx\cache\24.0.1+4\amd64\api-ms-win-crt-utility-l1-1-0.dll
0x00007fff6af90000 - 0x00007fff6b0a1000 	C:\Users\loren\.openjfx\cache\24.0.1+4\amd64\ucrtbase.dll
0x00007fff84ec0000 - 0x00007fff84edb000 	C:\Users\loren\.openjfx\cache\24.0.1+4\amd64\vcruntime140.dll
0x00007fff85560000 - 0x00007fff8556c000 	C:\Users\loren\.openjfx\cache\24.0.1+4\amd64\vcruntime140_1.dll
0x00007fff670a0000 - 0x00007fff6712e000 	C:\Users\loren\.openjfx\cache\24.0.1+4\amd64\msvcp140.dll
0x00007fff84eb0000 - 0x00007fff84eb9000 	C:\Users\loren\.openjfx\cache\24.0.1+4\amd64\msvcp140_1.dll
0x00007fff841e0000 - 0x00007fff84221000 	C:\Users\loren\.openjfx\cache\24.0.1+4\amd64\msvcp140_2.dll
0x00007fff7fff0000 - 0x00007fff80020000 	C:\Users\loren\.openjfx\cache\24.0.1+4\amd64\prism_d3d.dll
0x00007fff675e0000 - 0x00007fff6778c000 	C:\WINDOWS\system32\d3d9.dll
0x00007fff9fc70000 - 0x00007fff9fca5000 	C:\WINDOWS\SYSTEM32\dwmapi.dll
0x00007fff9fac0000 - 0x00007fff9fb07000 	C:\WINDOWS\SYSTEM32\dxcore.dll
0x00007fff9f8f0000 - 0x00007fff9f99e000 	C:\WINDOWS\system32\uxtheme.dll
0x00007fff9a4a0000 - 0x00007fff9a65b000 	C:\WINDOWS\System32\DriverStore\FileRepository\u0390930.inf_amd64_f16364617e1e9dd4\B386329\aticfx64.dll
0x00007fff7f100000 - 0x00007fff7f134000 	C:\WINDOWS\System32\DriverStore\FileRepository\u0390930.inf_amd64_f16364617e1e9dd4\B386329\atiu9p64.dll
0x00007fff2d5b0000 - 0x00007fff2e305000 	C:\WINDOWS\System32\DriverStore\FileRepository\u0390930.inf_amd64_f16364617e1e9dd4\B386329\atiumd64.dll
0x0000000062200000 - 0x0000000063127000 	C:\WINDOWS\System32\DriverStore\FileRepository\u0390930.inf_amd64_f16364617e1e9dd4\B386329\atiumd6a.dll
0x00007fffa3810000 - 0x00007fffa3c96000 	C:\WINDOWS\System32\SETUPAPI.dll
0x00007fff96c90000 - 0x00007fff96cc5000 	C:\WINDOWS\SYSTEM32\amdihk64.dll
0x00007fff9fa60000 - 0x00007fff9fabd000 	C:\WINDOWS\SYSTEM32\directxdatabasehelper.dll
0x00007fff77440000 - 0x00007fff77488000 	C:\Users\loren\.openjfx\cache\24.0.1+4\amd64\glass.dll
0x00007fffa51f0000 - 0x00007fffa52e1000 	C:\WINDOWS\System32\COMDLG32.dll
0x00007fffa32a0000 - 0x00007fffa3348000 	C:\WINDOWS\System32\clbcatq.dll
0x00007fff8a8c0000 - 0x00007fff8aa16000 	C:\Windows\System32\Windows.UI.dll
0x00007fff7ee70000 - 0x00007fff7ef30000 	C:\Windows\System32\Windows.Networking.Connectivity.dll
0x00007fff96780000 - 0x00007fff969bb000 	C:\Windows\System32\twinapi.appcore.dll
0x00007fffa41a0000 - 0x00007fffa42fb000 	C:\WINDOWS\System32\MSCTF.dll
0x00007fff7d6e0000 - 0x00007fff7d82c000 	C:\Windows\System32\Windows.UI.Immersive.dll
0x00007fff979e0000 - 0x00007fff979f9000 	C:\WINDOWS\System32\npmproxy.dll
0x00007fff9b930000 - 0x00007fff9b9be000 	C:\WINDOWS\SYSTEM32\wlanapi.dll
0x00007fff9b490000 - 0x00007fff9b4b2000 	C:\WINDOWS\SYSTEM32\MobileNetworking.dll
0x00007fffa0e40000 - 0x00007fffa0e73000 	C:\Windows\System32\IPHLPAPI.DLL
0x00007fffa40e0000 - 0x00007fffa40ea000 	C:\WINDOWS\System32\NSI.dll
0x00007fff79b90000 - 0x00007fff79ba3000 	C:\Windows\System32\dusmapi.dll
0x00007fff7eff0000 - 0x00007fff7f01d000 	C:\Users\loren\.openjfx\cache\24.0.1+4\amd64\javafx_iio.dll
0x00007fff7d180000 - 0x00007fff7d195000 	C:\Users\loren\.openjfx\cache\24.0.1+4\amd64\javafx_font.dll
0x00007fff9e290000 - 0x00007fff9e4f9000 	C:\WINDOWS\SYSTEM32\dwrite.dll
0x00007fff9e050000 - 0x00007fff9e27e000 	C:\WINDOWS\SYSTEM32\WindowsCodecs.dll
0x00007fff7b880000 - 0x00007fff7b8da000 	C:\WINDOWS\system32\dataexchange.dll
0x00007fff7b290000 - 0x00007fff7b2bc000 	C:\Program Files\Common Files\Microsoft Shared\Ink\rtscom.dll
0x00007fff9a210000 - 0x00007fff9a356000 	C:\WINDOWS\SYSTEM32\textinputframework.dll
0x00007fff8a7c0000 - 0x00007fff8a81d000 	C:\WINDOWS\system32\ApplicationTargetedFeatureDatabase.dll
0x00007fff9f430000 - 0x00007fff9f556000 	C:\WINDOWS\SYSTEM32\CoreMessaging.dll

dbghelp: loaded successfully - version: 4.0.5 - missing functions: none
symbol engine: initialized successfully - sym options: 0x614 - pdb path: .;C:\Program Files\Java\jdk-23\bin;C:\WINDOWS\SYSTEM32;C:\WINDOWS\WinSxS\amd64_microsoft.windows.common-controls_6595b64144ccf1df_6.0.26100.3323_none_3e088096e3344490;C:\Program Files\Java\jdk-23\bin\server;C:\Users\loren\.openjfx\cache\24.0.1+4\amd64;C:\WINDOWS\System32\DriverStore\FileRepository\u0390930.inf_amd64_f16364617e1e9dd4\B386329;C:\Program Files\Common Files\Microsoft Shared\Ink

VM Arguments:
java_command: ClientGalaxyTrucker.jar
java_class_path (initial): ClientGalaxyTrucker.jar
Launcher Type: SUN_STANDARD

[Global flags]
     intx CICompilerCount                          = 4                                         {product} {ergonomic}
     uint ConcGCThreads                            = 3                                         {product} {ergonomic}
     uint G1ConcRefinementThreads                  = 10                                        {product} {ergonomic}
   size_t G1HeapRegionSize                         = 2097152                                   {product} {ergonomic}
   size_t InitialHeapSize                          = 257949696                                 {product} {ergonomic}
   size_t MarkStackSize                            = 4194304                                   {product} {ergonomic}
   size_t MarkStackSizeMax                         = 536870912                                 {product} {ergonomic}
   size_t MaxHeapSize                              = 4110417920                                {product} {ergonomic}
   size_t MaxNewSize                               = 2466250752                                {product} {ergonomic}
   size_t MinHeapDeltaBytes                        = 2097152                                   {product} {ergonomic}
   size_t MinHeapSize                              = 8388608                                   {product} {ergonomic}
    uintx NonNMethodCodeHeapSize                   = 5832704                                {pd product} {ergonomic}
    uintx NonProfiledCodeHeapSize                  = 122945536                              {pd product} {ergonomic}
    uintx ProfiledCodeHeapSize                     = 122880000                              {pd product} {ergonomic}
    uintx ReservedCodeCacheSize                    = 251658240                              {pd product} {ergonomic}
     bool SegmentedCodeCache                       = true                                      {product} {ergonomic}
   size_t SoftMaxHeapSize                          = 4110417920                             {manageable} {ergonomic}
     bool UseCompressedOops                        = true                           {product lp64_product} {ergonomic}
     bool UseG1GC                                  = true                                      {product} {ergonomic}
     bool UseLargePagesIndividualAllocation        = false                                  {pd product} {ergonomic}

Logging:
Log output configuration:
 #0: stdout all=warning uptime,level,tags foldmultilines=false
 #1: stderr all=off uptime,level,tags foldmultilines=false

Environment Variables:
PATH=C:\Program Files\Common Files\Oracle\Java\javapath;C:\Program Files (x86)\Common Files\Oracle\Java\javapath;C:\WINDOWS\system32;C:\WINDOWS;C:\WINDOWS\System32\Wbem;C:\WINDOWS\System32\WindowsPowerShell\v1.0\;C:\WINDOWS\System32\OpenSSH\;C:\Program Files\Calibre2\;C:\Program Files\dotnet\;C:\Program Files (x86)\IVI Foundation\VISA\WinNT\Bin\;C:\Program Files\IVI Foundation\VISA\Win64\Bin\;C:\Program Files (x86)\IVI Foundation\IVI\Bin\;C:\Program Files\IVI Foundation\IVI\Bin\;C:\Program Files (x86)\IVI Foundation\VISA\WinNT\Bin;C:\Program Files\MATLAB\R2024a\bin;C:\Program Files\Git\cmd;C:\Program Files\MiKTeX\miktex\bin\x64\;C:\Users\loren\AppData\Local\Microsoft\WindowsApps;C:\Users\loren\AppData\Local\Programs\Microsoft VS Code\bin;C:\Users\loren\AppData\Local\Programs\MiKTeX\miktex\bin\x64\;C:\Program Files\JetBrains\IntelliJ IDEA 2024.3.3\bin;;C:\Users\loren\AppData\Local\GitHubDesktop\bin;C:\Program Files\Inkscape\bin;
USERNAME=loren
OS=Windows_NT
PROCESSOR_IDENTIFIER=AMD64 Family 23 Model 104 Stepping 1, AuthenticAMD
TMP=C:\Users\loren\AppData\Local\Temp
TEMP=C:\Users\loren\AppData\Local\Temp




Periodic native trim disabled

---------------  S Y S T E M  ---------------

OS:
 Windows 11 , 64 bit Build 26100 (10.0.26100.3323)
OS uptime: 44 days 1:45 hours
Hyper-V role detected

CPU: total 12 (initial active 12) (12 cores per cpu, 2 threads per core) family 23 model 104 stepping 1 microcode 0x8608104, cx8, cmov, fxsr, ht, mmx, 3dnowpref, sse, sse2, sse3, ssse3, sse4a, sse4.1, sse4.2, popcnt, lzcnt, tsc, tscinvbit, avx, avx2, aes, clmul, bmi1, bmi2, adx, sha, fma, vzeroupper, clflush, clflushopt, hv, rdtscp, rdpid, f16c
Processor Information for processor 0
  Max Mhz: 2100, Current Mhz: 1893, Mhz Limit: 2100
Processor Information for processor 1
  Max Mhz: 2100, Current Mhz: 1893, Mhz Limit: 2100
Processor Information for processor 2
  Max Mhz: 2100, Current Mhz: 1893, Mhz Limit: 2100
Processor Information for processor 3
  Max Mhz: 2100, Current Mhz: 1893, Mhz Limit: 2100
Processor Information for processor 4
  Max Mhz: 2100, Current Mhz: 1813, Mhz Limit: 2100
Processor Information for processor 5
  Max Mhz: 2100, Current Mhz: 1893, Mhz Limit: 2100
Processor Information for processor 6
  Max Mhz: 2100, Current Mhz: 1893, Mhz Limit: 2100
Processor Information for processor 7
  Max Mhz: 2100, Current Mhz: 1893, Mhz Limit: 2100
Processor Information for processor 8
  Max Mhz: 2100, Current Mhz: 1813, Mhz Limit: 2100
Processor Information for processor 9
  Max Mhz: 2100, Current Mhz: 1893, Mhz Limit: 2100
Processor Information for processor 10
  Max Mhz: 2100, Current Mhz: 1893, Mhz Limit: 2100
Processor Information for processor 11
  Max Mhz: 2100, Current Mhz: 1893, Mhz Limit: 2100

Memory: 4k page, system-wide physical 15679M (1525M free)
TotalPageFile size 33192M (AvailPageFile size 1840M)
current process WorkingSet (physical memory assigned to process): 78M, peak: 217M
current process commit charge ("private bytes"): 447M, peak: 475M

vm_info: Java HotSpot(TM) 64-Bit Server VM (23.0.2+7-58) for windows-amd64 JRE (23.0.2+7-58), built on 2024-11-29T09:34:55Z with MS VC++ 17.6 (VS2022)

END.
